Component: ARM Compiler 5.06 update 7 (build 960) Tool: armlink [4d3601]

==============================================================================

Section Cross References

    startup_stm32f411xe.o(RESET) refers to startup_stm32f411xe.o(STACK) for __initial_sp
    startup_stm32f411xe.o(RESET) refers to startup_stm32f411xe.o(.text) for Reset_Handler
    startup_stm32f411xe.o(RESET) refers to stm32f4xx_it.o(i.NMI_Handler) for NMI_Handler
    startup_stm32f411xe.o(RESET) refers to stm32f4xx_it.o(i.HardFault_Handler) for HardFault_Handler
    startup_stm32f411xe.o(RESET) refers to stm32f4xx_it.o(i.MemManage_Handler) for MemManage_Handler
    startup_stm32f411xe.o(RESET) refers to stm32f4xx_it.o(i.BusFault_Handler) for BusFault_Handler
    startup_stm32f411xe.o(RESET) refers to stm32f4xx_it.o(i.UsageFault_Handler) for UsageFault_Handler
    startup_stm32f411xe.o(RESET) refers to port.o(.emb_text) for SVC_Handler
    startup_stm32f411xe.o(RESET) refers to stm32f4xx_it.o(i.DebugMon_Handler) for DebugMon_Handler
    startup_stm32f411xe.o(RESET) refers to cmsis_os2.o(i.SysTick_Handler) for SysTick_Handler
    startup_stm32f411xe.o(RESET) refers to stm32f4xx_it.o(i.ADC_IRQHandler) for ADC_IRQHandler
    startup_stm32f411xe.o(RESET) refers to stm32f4xx_it.o(i.TIM1_UP_TIM10_IRQHandler) for TIM1_UP_TIM10_IRQHandler
    startup_stm32f411xe.o(RESET) refers to stm32f4xx_it.o(i.DMA2_Stream0_IRQHandler) for DMA2_Stream0_IRQHandler
    startup_stm32f411xe.o(.text) refers to system_stm32f4xx.o(i.SystemInit) for SystemInit
    startup_stm32f411xe.o(.text) refers to entry.o(.ARM.Collect$$$$00000000) for __main
    main.o(i.HAL_TIM_PeriodElapsedCallback) refers to stm32f4xx_hal.o(i.HAL_IncTick) for HAL_IncTick
    main.o(i.MX_ADC1_Init) refers to stm32f4xx_hal_adc.o(i.HAL_ADC_Init) for HAL_ADC_Init
    main.o(i.MX_ADC1_Init) refers to main.o(i.Error_Handler) for Error_Handler
    main.o(i.MX_ADC1_Init) refers to stm32f4xx_hal_adc.o(i.HAL_ADC_ConfigChannel) for HAL_ADC_ConfigChannel
    main.o(i.MX_ADC1_Init) refers to main.o(.bss) for hadc1
    main.o(i.MX_DMA_Init) refers to stm32f4xx_hal_cortex.o(i.HAL_NVIC_SetPriority) for HAL_NVIC_SetPriority
    main.o(i.MX_DMA_Init) refers to stm32f4xx_hal_cortex.o(i.HAL_NVIC_EnableIRQ) for HAL_NVIC_EnableIRQ
    main.o(i.MX_USART1_UART_Init) refers to stm32f4xx_hal_uart.o(i.HAL_UART_Init) for HAL_UART_Init
    main.o(i.MX_USART1_UART_Init) refers to main.o(i.Error_Handler) for Error_Handler
    main.o(i.MX_USART1_UART_Init) refers to main.o(.bss) for huart1
    main.o(i.StartDefaultTask) refers to stm32f4xx_hal_adc.o(i.HAL_ADC_Start_DMA) for HAL_ADC_Start_DMA
    main.o(i.StartDefaultTask) refers to cmsis_os2.o(i.osDelay) for osDelay
    main.o(i.StartDefaultTask) refers to main.o(.data) for buffer1
    main.o(i.StartDefaultTask) refers to main.o(.bss) for hadc1
    main.o(i.SystemClock_Config) refers to memseta.o(.text) for __aeabi_memclr4
    main.o(i.SystemClock_Config) refers to stm32f4xx_hal_rcc.o(i.HAL_RCC_OscConfig) for HAL_RCC_OscConfig
    main.o(i.SystemClock_Config) refers to main.o(i.Error_Handler) for Error_Handler
    main.o(i.SystemClock_Config) refers to stm32f4xx_hal_rcc.o(i.HAL_RCC_ClockConfig) for HAL_RCC_ClockConfig
    main.o(i.app_elog_init) refers to elog.o(i.elog_init) for elog_init
    main.o(i.app_elog_init) refers to elog.o(i.elog_set_fmt) for elog_set_fmt
    main.o(i.app_elog_init) refers to elog.o(i.elog_start) for elog_start
    main.o(i.fputc) refers to stm32f4xx_hal_uart.o(i.HAL_UART_Transmit) for HAL_UART_Transmit
    main.o(i.fputc) refers to main.o(.bss) for huart1
    main.o(i.main) refers to malloc.o(i.malloc) for malloc
    main.o(i.main) refers to stm32f4xx_hal.o(i.HAL_Init) for HAL_Init
    main.o(i.main) refers to main.o(i.SystemClock_Config) for SystemClock_Config
    main.o(i.main) refers to main.o(i.MX_GPIO_Init) for MX_GPIO_Init
    main.o(i.main) refers to main.o(i.MX_DMA_Init) for MX_DMA_Init
    main.o(i.main) refers to main.o(i.MX_ADC1_Init) for MX_ADC1_Init
    main.o(i.main) refers to main.o(i.MX_USART1_UART_Init) for MX_USART1_UART_Init
    main.o(i.main) refers to main.o(i.app_elog_init) for app_elog_init
    main.o(i.main) refers to elog.o(i.elog_output) for elog_output
    main.o(i.main) refers to stm32f4xx_hal_adc.o(i.HAL_ADC_Start_DMA) for HAL_ADC_Start_DMA
    main.o(i.main) refers to cmsis_os2.o(i.osKernelInitialize) for osKernelInitialize
    main.o(i.main) refers to freertos.o(i.MX_FREERTOS_Init) for MX_FREERTOS_Init
    main.o(i.main) refers to cmsis_os2.o(i.osThreadNew) for osThreadNew
    main.o(i.main) refers to cmsis_os2.o(i.osKernelStart) for osKernelStart
    main.o(i.main) refers to main.o(.data) for buffer1
    main.o(i.main) refers to main.o(.constdata) for __FUNCTION__
    main.o(i.main) refers to main.o(.bss) for hadc1
    main.o(i.main) refers to main.o(i.StartDefaultTask) for StartDefaultTask
    main.o(.constdata) refers to main.o(.conststring) for .conststring
[...]
    i.elog_get_filter_tag_lvl                0x08003680   Section        0  elog.o(i.elog_get_filter_tag_lvl)
    i.elog_init                              0x08003794   Section        0  elog.o(i.elog_init)
    i.elog_output                            0x080037e4   Section        0  elog.o(i.elog_output)
    i.elog_output_lock                       0x08003bf8   Section        0  elog.o(i.elog_output_lock)
    i.elog_output_lock_enabled               0x08003c20   Section        0  elog.o(i.elog_output_lock_enabled)
    i.elog_output_unlock                     0x08003c60   Section        0  elog.o(i.elog_output_unlock)
    i.elog_port_get_p_info                   0x08003c88   Section        0  elog_port.o(i.elog_port_get_p_info)
    i.elog_port_get_t_info                   0x08003c90   Section        0  elog_port.o(i.elog_port_get_t_info)
    i.elog_port_get_time                     0x08003c98   Section        0  elog_port.o(i.elog_port_get_time)
    i.elog_port_init                         0x08003cbc   Section        0  elog_port.o(i.elog_port_init)
    i.elog_port_output                       0x08003cc0   Section        0  elog_port.o(i.elog_port_output)
    i.elog_port_output_lock                  0x08003cdc   Section        0  elog_port.o(i.elog_port_output_lock)
    i.elog_port_output_unlock                0x08003ce0   Section        0  elog_port.o(i.elog_port_output_unlock)
    i.elog_set_filter_lvl                    0x08003ce4   Section        0  elog.o(i.elog_set_filter_lvl)
    i.elog_set_filter_tag_lvl_default        0x08003da8   Section        0  elog.o(i.elog_set_filter_tag_lvl_default)
    elog_set_filter_tag_lvl_default          0x08003da9   Thumb Code    54  elog.o(i.elog_set_filter_tag_lvl_default)
    i.elog_set_fmt                           0x08003de4   Section        0  elog.o(i.elog_set_fmt)
    i.elog_set_output_enabled                0x08003eac   Section        0  elog.o(i.elog_set_output_enabled)
    i.elog_set_text_color_enabled            0x08003f84   Section        0  elog.o(i.elog_set_text_color_enabled)
    i.elog_start                             0x0800405c   Section        0  elog.o(i.elog_start)
    i.elog_strcpy                            0x080040f0   Section        0  elog_utils.o(i.elog_strcpy)
    i.fputc                                  0x080041f8   Section        0  main.o(i.fputc)
    i.get_fmt_enabled                        0x08004214   Section        0  elog.o(i.get_fmt_enabled)
    get_fmt_enabled                          0x08004215   Thumb Code    90  elog.o(i.get_fmt_enabled)
    i.get_fmt_used_and_enabled_ptr           0x080042e8   Section        0  elog.o(i.get_fmt_used_and_enabled_ptr)
    get_fmt_used_and_enabled_ptr             0x080042e9   Thumb Code    28  elog.o(i.get_fmt_used_and_enabled_ptr)
    i.get_fmt_used_and_enabled_u32           0x08004304   Section        0  elog.o(i.get_fmt_used_and_enabled_u32)
    get_fmt_used_and_enabled_u32             0x08004305   Thumb Code    28  elog.o(i.get_fmt_used_and_enabled_u32)
    i.main                                   0x08004320   Section        0  main.o(i.main)
    i.malloc                                 0x080043dc   Section        0  malloc.o(i.malloc)
    i.osDelay                                0x08004448   Section        0  cmsis_os2.o(i.osDelay)
    i.osKernelInitialize                     0x08004468   Section        0  cmsis_os2.o(i.osKernelInitialize)
    i.osKernelStart                          0x08004494   Section        0  cmsis_os2.o(i.osKernelStart)
    i.osThreadNew                            0x080044f4   Section        0  cmsis_os2.o(i.osThreadNew)
    i.prvAddCurrentTaskToDelayedList         0x080045ac   Section        0  tasks.o(i.prvAddCurrentTaskToDelayedList)
    prvAddCurrentTaskToDelayedList           0x080045ad   Thumb Code   100  tasks.o(i.prvAddCurrentTaskToDelayedList)
    i.prvAddNewTaskToReadyList               0x08004628   Section        0  tasks.o(i.prvAddNewTaskToReadyList)
    prvAddNewTaskToReadyList                 0x08004629   Thumb Code   154  tasks.o(i.prvAddNewTaskToReadyList)
    i.prvCheckForValidListAndQueue           0x080046e0   Section        0  timers.o(i.prvCheckForValidListAndQueue)
    prvCheckForValidListAndQueue             0x080046e1   Thumb Code    78  timers.o(i.prvCheckForValidListAndQueue)
    i.prvCheckTasksWaitingTermination        0x08004754   Section        0  tasks.o(i.prvCheckTasksWaitingTermination)
    prvCheckTasksWaitingTermination          0x08004755   Thumb Code    60  tasks.o(i.prvCheckTasksWaitingTermination)
    i.prvCopyDataFromQueue                   0x0800479c   Section        0  queue.o(i.prvCopyDataFromQueue)
    prvCopyDataFromQueue                     0x0800479d   Thumb Code    42  queue.o(i.prvCopyDataFromQueue)
    i.prvCopyDataToQueue                     0x080047c6   Section        0  queue.o(i.prvCopyDataToQueue)
    prvCopyDataToQueue                       0x080047c7   Thumb Code   126  queue.o(i.prvCopyDataToQueue)
    i.prvDeleteTCB                           0x08004844   Section        0  tasks.o(i.prvDeleteTCB)
    prvDeleteTCB                             0x08004845   Thumb Code    80  tasks.o(i.prvDeleteTCB)
    i.prvGetNextExpireTime                   0x08004894   Section        0  timers.o(i.prvGetNextExpireTime)
    prvGetNextExpireTime                     0x08004895   Thumb Code    36  timers.o(i.prvGetNextExpireTime)
    i.prvHeapInit                            0x080048bc   Section        0  heap_4.o(i.prvHeapInit)
    prvHeapInit                              0x080048bd   Thumb Code    98  heap_4.o(i.prvHeapInit)
    i.prvIdleTask                            0x08004938   Section        0  tasks.o(i.prvIdleTask)
    prvIdleTask                              0x08004939   Thumb Code    32  tasks.o(i.prvIdleTask)
    i.prvInitialiseNewQueue                  0x08004960   Section        0  queue.o(i.prvInitialiseNewQueue)
    prvInitialiseNewQueue                    0x08004961   Thumb Code    42  queue.o(i.prvInitialiseNewQueue)
    i.prvInitialiseNewTask                   0x0800498a   Section        0  tasks.o(i.prvInitialiseNewTask)
    prvInitialiseNewTask                     0x0800498b   Thumb Code   190  tasks.o(i.prvInitialiseNewTask)
    i.prvInitialiseTaskLists                 0x08004a48   Section        0  tasks.o(i.prvInitialiseTaskLists)
    prvInitialiseTaskLists                   0x08004a49   Thumb Code    70  tasks.o(i.prvInitialiseTaskLists)
    i.prvInsertBlockIntoFreeList             0x08004ab0   Section        0  heap_4.o(i.prvInsertBlockIntoFreeList)
    prvInsertBlockIntoFreeList               0x08004ab1   Thumb Code    96  heap_4.o(i.prvInsertBlockIntoFreeList)
    i.prvInsertTimerInActiveList             0x08004b18   Section        0  timers.o(i.prvInsertTimerInActiveList)
    prvInsertTimerInActiveList               0x08004b19   Thumb Code    80  timers.o(i.prvInsertTimerInActiveList)
    i.prvIsQueueEmpty                        0x08004b70   Section        0  queue.o(i.prvIsQueueEmpty)
    prvIsQueueEmpty                          0x08004b71   Thumb Code    26  queue.o(i.prvIsQueueEmpty)
    i.prvIsQueueFull                         0x08004b8a   Section        0  queue.o(i.prvIsQueueFull)
    prvIsQueueFull                           0x08004b8b   Thumb Code    30  queue.o(i.prvIsQueueFull)
    i.prvProcessExpiredTimer                 0x08004ba8   Section        0  timers.o(i.prvProcessExpiredTimer)
    prvProcessExpiredTimer                   0x08004ba9   Thumb Code   110  timers.o(i.prvProcessExpiredTimer)
    i.prvProcessReceivedCommands             0x08004c1c   Section        0  timers.o(i.prvProcessReceivedCommands)
    prvProcessReceivedCommands               0x08004c1d   Thumb Code   350  timers.o(i.prvProcessReceivedCommands)
    i.prvProcessTimerOrBlockTask             0x08004d80   Section        0  timers.o(i.prvProcessTimerOrBlockTask)
    prvProcessTimerOrBlockTask               0x08004d81   Thumb Code   102  timers.o(i.prvProcessTimerOrBlockTask)
    i.prvResetNextTaskUnblockTime            0x08004df4   Section        0  tasks.o(i.prvResetNextTaskUnblockTime)
    prvResetNextTaskUnblockTime              0x08004df5   Thumb Code    42  tasks.o(i.prvResetNextTaskUnblockTime)
    i.prvSampleTimeNow                       0x08004e28   Section        0  timers.o(i.prvSampleTimeNow)
    prvSampleTimeNow                         0x08004e29   Thumb Code    40  timers.o(i.prvSampleTimeNow)
    i.prvSwitchTimerLists                    0x08004e54   Section        0  timers.o(i.prvSwitchTimerLists)
    prvSwitchTimerLists                      0x08004e55   Thumb Code   154  timers.o(i.prvSwitchTimerLists)
    i.prvTaskExitError                       0x08004ef8   Section        0  port.o(i.prvTaskExitError)
    prvTaskExitError                         0x08004ef9   Thumb Code    60  port.o(i.prvTaskExitError)
    i.prvTimerTask                           0x08004f38   Section        0  timers.o(i.prvTimerTask)
    prvTimerTask                             0x08004f39   Thumb Code    26  timers.o(i.prvTimerTask)
    i.prvUnlockQueue                         0x08004f52   Section        0  queue.o(i.prvUnlockQueue)
    prvUnlockQueue                           0x08004f53   Thumb Code   126  queue.o(i.prvUnlockQueue)
    i.pvPortMalloc                           0x08004fd0   Section        0  heap_4.o(i.pvPortMalloc)
    i.pxPortInitialiseStack                  0x0800511c   Section        0  port.o(i.pxPortInitialiseStack)
    i.uxListRemove                           0x08005148   Section        0  list.o(i.uxListRemove)
    i.vApplicationGetIdleTaskMemory          0x08005170   Section        0  cmsis_os2.o(i.vApplicationGetIdleTaskMemory)
    i.vApplicationGetTimerTaskMemory         0x08005188   Section        0  cmsis_os2.o(i.vApplicationGetTimerTaskMemory)
    i.vListInitialise                        0x080051a0   Section        0  list.o(i.vListInitialise)
    i.vListInitialiseItem                    0x080051ba   Section        0  list.o(i.vListInitialiseItem)
    i.vListInsert                            0x080051c0   Section        0  list.o(i.vListInsert)
    i.vListInsertEnd                         0x080051f4   Section        0  list.o(i.vListInsertEnd)
    i.vPortEnterCritical                     0x0800520c   Section        0  port.o(i.vPortEnterCritical)
    i.vPortExitCritical                      0x08005260   Section        0  port.o(i.vPortExitCritical)
    i.vPortFree                              0x0800529c   Section        0  heap_4.o(i.vPortFree)
    i.vPortSetupTimerInterrupt               0x08005340   Section        0  port.o(i.vPortSetupTimerInterrupt)
    i.vPortValidateInterruptPriority         0x08005368   Section        0  port.o(i.vPortValidateInterruptPriority)
    i.vQueueAddToRegistry                    0x080053e0   Section        0  queue.o(i.vQueueAddToRegistry)
    i.vQueueWaitForMessageRestricted         0x0800540c   Section        0  queue.o(i.vQueueWaitForMessageRestricted)
    i.vTaskDelay                             0x08005458   Section        0  tasks.o(i.vTaskDelay)
    i.vTaskInternalSetTimeOutState           0x080054b4   Section        0  tasks.o(i.vTaskInternalSetTimeOutState)
    i.vTaskMissedYield                       0x080054cc   Section        0  tasks.o(i.vTaskMissedYield)
    i.vTaskPlaceOnEventList                  0x080054d8   Section        0  tasks.o(i.vTaskPlaceOnEventList)
    i.vTaskPlaceOnEventListRestricted        0x08005510   Section        0  tasks.o(i.vTaskPlaceOnEventListRestricted)
    i.vTaskStartScheduler                    0x08005550   Section        0  tasks.o(i.vTaskStartScheduler)
    i.vTaskSuspendAll                        0x08005608   Section        0  tasks.o(i.vTaskSuspendAll)
    i.vTaskSwitchContext                     0x08005618   Section        0  tasks.o(i.vTaskSwitchContext)
    i.xPortStartScheduler                    0x080056a8   Section        0  port.o(i.xPortStartScheduler)
    i.xPortSysTickHandler                    0x08005810   Section        0  port.o(i.xPortSysTickHandler)
    i.xQueueGenericCreateStatic              0x08005844   Section        0  queue.o(i.xQueueGenericCreateStatic)
    i.xQueueGenericReset                     0x08005924   Section        0  queue.o(i.xQueueGenericReset)
    i.xQueueGenericSend                      0x080059bc   Section        0  queue.o(i.xQueueGenericSend)
    i.xQueueGenericSendFromISR               0x08005b64   Section        0  queue.o(i.xQueueGenericSendFromISR)
    i.xQueueReceive                          0x08005c60   Section        0  queue.o(i.xQueueReceive)
    i.xTaskCheckForTimeOut                   0x08005dc8   Section        0  tasks.o(i.xTaskCheckForTimeOut)
    i.xTaskCreate                            0x08005e54   Section        0  tasks.o(i.xTaskCreate)
    i.xTaskCreateStatic                      0x08005eb8   Section        0  tasks.o(i.xTaskCreateStatic)
    i.xTaskGenericNotify                     0x08005f74   Section        0  tasks.o(i.xTaskGenericNotify)
    i.xTaskGenericNotifyFromISR              0x0800609c   Section        0  tasks.o(i.xTaskGenericNotifyFromISR)
    i.xTaskGetSchedulerState                 0x08006200   Section        0  tasks.o(i.xTaskGetSchedulerState)
    i.xTaskGetTickCount                      0x08006220   Section        0  tasks.o(i.xTaskGetTickCount)
    i.xTaskIncrementTick                     0x0800622c   Section        0  tasks.o(i.xTaskIncrementTick)
    i.xTaskNotifyWait                        0x08006370   Section        0  tasks.o(i.xTaskNotifyWait)
    i.xTaskPriorityDisinherit                0x08006410   Section        0  tasks.o(i.xTaskPriorityDisinherit)
    i.xTaskRemoveFromEventList               0x080064b4   Section        0  tasks.o(i.xTaskRemoveFromEventList)
    i.xTaskResumeAll                         0x0800654c   Section        0  tasks.o(i.xTaskResumeAll)
    i.xTimerCreateTimerTask                  0x08006650   Section        0  timers.o(i.xTimerCreateTimerTask)
    i.xTimerGenericCommand                   0x080066c8   Section        0  timers.o(i.xTimerGenericCommand)
    .constdata                               0x0800674c   Section       41  main.o(.constdata)
    __FUNCTION__                             0x08006770   Data           5  main.o(.constdata)
    .constdata                               0x08006778   Section      128  freertos.o(.constdata)
    __FUNCTION__                             0x080067e4   Data          10  freertos.o(.constdata)
    __FUNCTION__                             0x080067ee   Data          10  freertos.o(.constdata)
    .constdata                               0x080067f8   Section        8  stm32f4xx_hal_dma.o(.constdata)
    flagBitshiftOffset                       0x080067f8   Data           8  stm32f4xx_hal_dma.o(.constdata)
    .constdata                               0x08006800   Section       24  system_stm32f4xx.o(.constdata)
    .constdata                               0x08006818   Section      226  elog.o(.constdata)
    __FUNCTION__                             0x08006818   Data          11  elog.o(.constdata)
    __FUNCTION__                             0x08006823   Data          10  elog.o(.constdata)
    __FUNCTION__                             0x0800682d   Data          24  elog.o(.constdata)
    __FUNCTION__                             0x08006845   Data          28  elog.o(.constdata)
    __FUNCTION__                             0x08006861   Data          13  elog.o(.constdata)
    __FUNCTION__                             0x0800686e   Data          16  elog.o(.constdata)
    __FUNCTION__                             0x0800687e   Data          20  elog.o(.constdata)
    __FUNCTION__                             0x08006892   Data          24  elog.o(.constdata)
    __FUNCTION__                             0x080068aa   Data          24  elog.o(.constdata)
    __FUNCTION__                             0x080068c2   Data          12  elog.o(.constdata)
    __FUNCTION__                             0x080068ce   Data          16  elog.o(.constdata)
    __FUNCTION__                             0x080068de   Data          14  elog.o(.constdata)
    __FUNCTION__                             0x080068ec   Data          14  elog.o(.constdata)
    .constdata                               0x080068fa   Section       35  elog_utils.o(.constdata)
    __FUNCTION__                             0x080068fa   Data          12  elog_utils.o(.constdata)
    __FUNCTION__                             0x08006906   Data          11  elog_utils.o(.constdata)
    __FUNCTION__                             0x08006911   Data          12  elog_utils.o(.constdata)
    .conststring                             0x08006920   Section       12  main.o(.conststring)
    .conststring                             0x0800692c   Section       26  freertos.o(.conststring)
    .conststring                             0x08006948   Section       71  elog.o(.conststring)
    .data                                    0x20000000   Section       16  main.o(.data)
    .data                                    0x20000010   Section       20  freertos.o(.data)
    .data                                    0x20000024   Section        9  stm32f4xx_hal.o(.data)
    .data                                    0x20000030   Section        4  system_stm32f4xx.o(.data)
    .data                                    0x20000034   Section       60  tasks.o(.data)
    pxDelayedTaskList                        0x20000038   Data           4  tasks.o(.data)
    pxOverflowDelayedTaskList                0x2000003c   Data           4  tasks.o(.data)
    uxDeletedTasksWaitingCleanUp             0x20000040   Data           4  tasks.o(.data)
    uxCurrentNumberOfTasks                   0x20000044   Data           4  tasks.o(.data)
    xTickCount                               0x20000048   Data           4  tasks.o(.data)
    uxTopReadyPriority                       0x2000004c   Data           4  tasks.o(.data)
    xSchedulerRunning                        0x20000050   Data           4  tasks.o(.data)
    xPendedTicks                             0x20000054   Data           4  tasks.o(.data)
    xYieldPending                            0x20000058   Data           4  tasks.o(.data)
    xNumOfOverflows                          0x2000005c   Data           4  tasks.o(.data)
    uxTaskNumber                             0x20000060   Data           4  tasks.o(.data)
    xNextTaskUnblockTime                     0x20000064   Data           4  tasks.o(.data)
    xIdleTaskHandle                          0x20000068   Data           4  tasks.o(.data)
    uxSchedulerSuspended                     0x2000006c   Data           4  tasks.o(.data)
    .data                                    0x20000070   Section       20  timers.o(.data)
    pxCurrentTimerList                       0x20000070   Data           4  timers.o(.data)
    pxOverflowTimerList                      0x20000074   Data           4  timers.o(.data)
    xTimerQueue                              0x20000078   Data           4  timers.o(.data)
    xTimerTaskHandle                         0x2000007c   Data           4  timers.o(.data)
    xLastTime                                0x20000080   Data           4  timers.o(.data)
    .data                                    0x20000084   Section        4  cmsis_os2.o(.data)
    KernelState                              0x20000084   Data           4  cmsis_os2.o(.data)
    .data                                    0x20000088   Section       32  heap_4.o(.data)
    xStart                                   0x20000088   Data           8  heap_4.o(.data)
    pxEnd                                    0x20000090   Data           4  heap_4.o(.data)
    xFreeBytesRemaining                      0x20000094   Data           4  heap_4.o(.data)
    xMinimumEverFreeBytesRemaining           0x20000098   Data           4  heap_4.o(.data)
    xNumberOfSuccessfulAllocations           0x2000009c   Data           4  heap_4.o(.data)
    xNumberOfSuccessfulFrees                 0x200000a0   Data           4  heap_4.o(.data)
    xBlockAllocatedBit                       0x200000a4   Data           4  heap_4.o(.data)
    .data                                    0x200000a8   Section       12  port.o(.data)
    uxCriticalNesting                        0x200000a8   Data           4  port.o(.data)
    ucMaxSysCallPriority                     0x200000ac   Data           1  port.o(.data)
    ulMaxPRIGROUPValue                       0x200000b0   Data           4  port.o(.data)
    .data                                    0x200000b4   Section       52  elog.o(.data)
    level_output_info                        0x200000b4   Data          24  elog.o(.data)
    color_output_info                        0x200000cc   Data          24  elog.o(.data)
    .data                                    0x200000e8   Section        4  stdout.o(.data)
    .data                                    0x200000ec   Section        4  mvars.o(.data)
    .data                                    0x200000f0   Section        4  mvars.o(.data)
    .bss                                     0x200000f4   Section      240  main.o(.bss)
    .bss                                     0x200001e4   Section       72  stm32f4xx_hal_timebase_tim.o(.bss)
    .bss                                     0x2000022c   Section       64  queue.o(.bss)
    .bss                                     0x2000026c   Section     1220  tasks.o(.bss)
    pxReadyTasksLists                        0x2000026c   Data        1120  tasks.o(.bss)
    xDelayedTaskList1                        0x200006cc   Data          20  tasks.o(.bss)
    xDelayedTaskList2                        0x200006e0   Data          20  tasks.o(.bss)
    xPendingReadyList                        0x200006f4   Data          20  tasks.o(.bss)
    xTasksWaitingTermination                 0x20000708   Data          20  tasks.o(.bss)
    xSuspendedTaskList                       0x2000071c   Data          20  tasks.o(.bss)
    .bss                                     0x20000730   Section      280  timers.o(.bss)
    xActiveTimerList1                        0x20000730   Data          20  timers.o(.bss)
    xActiveTimerList2                        0x20000744   Data          20  timers.o(.bss)
    xStaticTimerQueue                        0x20000758   Data          80  timers.o(.bss)
    ucStaticTimerQueueStorage                0x200007a8   Data         160  timers.o(.bss)
    .bss                                     0x20000848   Section     1720  cmsis_os2.o(.bss)
    Idle_TCB                                 0x20000848   Data          92  cmsis_os2.o(.bss)
    Idle_Stack                               0x200008a4   Data         512  cmsis_os2.o(.bss)
    Timer_TCB                                0x20000aa4   Data          92  cmsis_os2.o(.bss)
    Timer_Stack                              0x20000b00   Data        1024  cmsis_os2.o(.bss)
    .bss                                     0x20000f00   Section    15360  heap_4.o(.bss)
    ucHeap                                   0x20000f00   Data       15360  heap_4.o(.bss)
    .bss                                     0x20004b00   Section       10  elog_port.o(.bss)
    .bss                                     0x20004b0c   Section     1272  elog.o(.bss)
    elog                                     0x20004b0c   Data         248  elog.o(.bss)
    log_buf                                  0x20004c04   Data        1024  elog.o(.bss)
    HEAP                                     0x20005008   Section      512  startup_stm32f411xe.o(HEAP)
    STACK                                    0x20005208   Section     1024  startup_stm32f411xe.o(STACK)

    Global Symbols

    Symbol Name                              Value     Ov Type        Size  Object(Section)

    BuildAttributes$$THM_ISAv4$E$P$D$K$B$S$7EM$VFPi3$EXTD16$VFPS$VFMA$PE$A:L22UL41UL21$X:L11$S22US41US21$IEEE1$IW$USESV6$~STKCKD$USESV7$~SHL$OSPACE$ROPI$EBA8$MICROLIB$REQ8$PRES8$EABIv2 0x00000000   Number         0  anon$$obj.o ABSOLUTE
    __ARM_use_no_argv                        0x00000000   Number         0  main.o ABSOLUTE
    _printf_a                                0x00000000   Number         0  stubs.o ABSOLUTE
    _printf_c                                0x00000000   Number         0  stubs.o ABSOLUTE
    _printf_charcount                        0x00000000   Number         0  stubs.o ABSOLUTE
    _printf_d                                0x00000000   Number         0  stubs.o ABSOLUTE
    _printf_e                                0x00000000   Number         0  stubs.o ABSOLUTE
    _printf_f                                0x00000000   Number         0  stubs.o ABSOLUTE
    _printf_flags                            0x00000000   Number         0  stubs.o ABSOLUTE
    _printf_fp_dec                           0x00000000   Number         0  stubs.o ABSOLUTE
    _printf_fp_hex                           0x00000000   Number         0  stubs.o ABSOLUTE
    _printf_g                                0x00000000   Number         0  stubs.o ABSOLUTE
    _printf_i                                0x00000000   Number         0  stubs.o ABSOLUTE
    _printf_int_dec                          0x00000000   Number         0  stubs.o ABSOLUTE
    _printf_l                                0x00000000   Number         0  stubs.o ABSOLUTE
    _printf_lc                               0x00000000   Number         0  stubs.o ABSOLUTE
    _printf_ll                               0x00000000   Number         0  stubs.o ABSOLUTE
    _printf_lld                              0x00000000   Number         0  stubs.o ABSOLUTE
    _printf_lli                              0x00000000   Number         0  stubs.o ABSOLUTE
    _printf_llo                              0x00000000   Number         0  stubs.o ABSOLUTE
    _printf_llu                              0x00000000   Number         0  stubs.o ABSOLUTE
    _printf_llx                              0x00000000   Number         0  stubs.o ABSOLUTE
    _printf_longlong_dec                     0x00000000   Number         0  stubs.o ABSOLUTE
    _printf_longlong_hex                     0x00000000   Number         0  stubs.o ABSOLUTE
    _printf_longlong_oct                     0x00000000   Number         0  stubs.o ABSOLUTE
    _printf_ls                               0x00000000   Number         0  stubs.o ABSOLUTE
    _printf_mbtowc                           0x00000000   Number         0  stubs.o ABSOLUTE
    _printf_n                                0x00000000   Number         0  stubs.o ABSOLUTE
    _printf_o                                0x00000000   Number         0  stubs.o ABSOLUTE
    _printf_p                                0x00000000   Number         0  stubs.o ABSOLUTE
    _printf_percent                          0x00000000   Number         0  stubs.o ABSOLUTE
    _printf_pre_padding                      0x00000000   Number         0  stubs.o ABSOLUTE
    _printf_return_value                     0x00000000   Number         0  stubs.o ABSOLUTE
    _printf_s                                0x00000000   Number         0  stubs.o ABSOLUTE
    _printf_sizespec                         0x00000000   Number         0  stubs.o ABSOLUTE
    _printf_str                              0x00000000   Number         0  stubs.o ABSOLUTE
    _printf_truncate_signed                  0x00000000   Number         0  stubs.o ABSOLUTE
    _printf_truncate_unsigned                0x00000000   Number         0  stubs.o ABSOLUTE
    _printf_u                                0x00000000   Number         0  stubs.o ABSOLUTE
    _printf_wc                               0x00000000   Number         0  stubs.o ABSOLUTE
    _printf_wctomb                           0x00000000   Number         0  stubs.o ABSOLUTE
    _printf_widthprec                        0x00000000   Number         0  stubs.o ABSOLUTE
    _printf_x                                0x00000000   Number         0  stubs.o ABSOLUTE
    __arm_fini_                               - Undefined Weak Reference
    __cpp_initialize__aeabi_                  - Undefined Weak Reference
    __cxa_finalize                            - Undefined Weak Reference
    __decompress                              - Undefined Weak Reference
    _clock_init                               - Undefined Weak Reference
    _microlib_exit                            - Undefined Weak Reference
    __Vectors_Size                           0x00000198   Number         0  startup_stm32f411xe.o ABSOLUTE
    __Vectors                                0x08000000   Data           4  startup_stm32f411xe.o(RESET)
    __Vectors_End                            0x08000198   Data           0  startup_stm32f411xe.o(RESET)
    __main                                   0x08000199   Thumb Code     0  entry.o(.ARM.Collect$$$$00000000)
    _main_stk                                0x08000199   Thumb Code     0  entry2.o(.ARM.Collect$$$$00000001)
    _main_scatterload                        0x0800019d   Thumb Code     0  entry5.o(.ARM.Collect$$$$00000004)
    __main_after_scatterload                 0x080001a1   Thumb Code     0  entry5.o(.ARM.Collect$$$$00000004)
    _main_clock                              0x080001a1   Thumb Code     0  entry7b.o(.ARM.Collect$$$$00000008)
    _main_cpp_init                           0x080001a1   Thumb Code     0  entry8b.o(.ARM.Collect$$$$0000000A)
    _main_init                               0x080001a1   Thumb Code     0  entry9a.o(.ARM.Collect$$$$0000000B)
    __rt_lib_shutdown_fini                   0x080001a9   Thumb Code     0  entry12b.o(.ARM.Collect$$$$0000000E)
    __rt_final_cpp                           0x080001ad   Thumb Code     0  entry10a.o(.ARM.Collect$$$$0000000F)
    __rt_final_exit                          0x080001ad   Thumb Code     0  entry11a.o(.ARM.Collect$$$$00000011)
    SVC_Handler                              0x080001b1   Thumb Code    28  port.o(.emb_text)
    __asm___6_port_c_39a90d8d__prvStartFirstTask 0x080001d1   Thumb Code    36  port.o(.emb_text)
    __asm___6_port_c_39a90d8d__prvEnableVFP  0x080001f9   Thumb Code    16  port.o(.emb_text)
    PendSV_Handler                           0x0800020d   Thumb Code    88  port.o(.emb_text)
    vPortGetIPSR                             0x08000269   Thumb Code     6  port.o(.emb_text)
    Reset_Handler                            0x08000271   Thumb Code     8  startup_stm32f411xe.o(.text)
    DMA1_Stream0_IRQHandler                  0x0800028b   Thumb Code     0  startup_stm32f411xe.o(.text)
    DMA1_Stream1_IRQHandler                  0x0800028b   Thumb Code     0  startup_stm32f411xe.o(.text)
    DMA1_Stream2_IRQHandler                  0x0800028b   Thumb Code     0  startup_stm32f411xe.o(.text)
    DMA1_Stream3_IRQHandler                  0x0800028b   Thumb Code     0  startup_stm32f411xe.o(.text)
    DMA1_Stream4_IRQHandler                  0x0800028b   Thumb Code     0  startup_stm32f411xe.o(.text)
    DMA1_Stream5_IRQHandler                  0x0800028b   Thumb Code     0  startup_stm32f411xe.o(.text)
    DMA1_Stream6_IRQHandler                  0x0800028b   Thumb Code     0  startup_stm32f411xe.o(.text)
    DMA1_Stream7_IRQHandler                  0x0800028b   Thumb Code     0  startup_stm32f411xe.o(.text)
    DMA2_Stream1_IRQHandler                  0x0800028b   Thumb Code     0  startup_stm32f411xe.o(.text)
    DMA2_Stream2_IRQHandler                  0x0800028b   Thumb Code     0  startup_stm32f411xe.o(.text)
    DMA2_Stream3_IRQHandler                  0x0800028b   Thumb Code     0  startup_stm32f411xe.o(.text)
    DMA2_Stream4_IRQHandler                  0x0800028b   Thumb Code     0  startup_stm32f411xe.o(.text)
    DMA2_Stream5_IRQHandler                  0x0800028b   Thumb Code     0  startup_stm32f411xe.o(.text)
    DMA2_Stream6_IRQHandler                  0x0800028b   Thumb Code     0  startup_stm32f411xe.o(.text)
    DMA2_Stream7_IRQHandler                  0x0800028b   Thumb Code     0  startup_stm32f411xe.o(.text)
    EXTI0_IRQHandler                         0x0800028b   Thumb Code     0  startup_stm32f411xe.o(.text)
    EXTI15_10_IRQHandler                     0x0800028b   Thumb Code     0  startup_stm32f411xe.o(.text)
    EXTI1_IRQHandler                         0x0800028b   Thumb Code     0  startup_stm32f411xe.o(.text)
    EXTI2_IRQHandler                         0x0800028b   Thumb Code     0  startup_stm32f411xe.o(.text)
    EXTI3_IRQHandler                         0x0800028b   Thumb Code     0  startup_stm32f411xe.o(.text)
    EXTI4_IRQHandler                         0x0800028b   Thumb Code     0  startup_stm32f411xe.o(.text)
    EXTI9_5_IRQHandler                       0x0800028b   Thumb Code     0  startup_stm32f411xe.o(.text)
    FLASH_IRQHandler                         0x0800028b   Thumb Code     0  startup_stm32f411xe.o(.text)
    FPU_IRQHandler                           0x0800028b   Thumb Code     0  startup_stm32f411xe.o(.text)
    I2C1_ER_IRQHandler                       0x0800028b   Thumb Code     0  startup_stm32f411xe.o(.text)
    I2C1_EV_IRQHandler                       0x0800028b   Thumb Code     0  startup_stm32f411xe.o(.text)
    I2C2_ER_IRQHandler                       0x0800028b   Thumb Code     0  startup_stm32f411xe.o(.text)
    I2C2_EV_IRQHandler                       0x0800028b   Thumb Code     0  startup_stm32f411xe.o(.text)
    I2C3_ER_IRQHandler                       0x0800028b   Thumb Code     0  startup_stm32f411xe.o(.text)
    I2C3_EV_IRQHandler                       0x0800028b   Thumb Code     0  startup_stm32f411xe.o(.text)
    OTG_FS_IRQHandler                        0x0800028b   Thumb Code     0  startup_stm32f411xe.o(.text)
    OTG_FS_WKUP_IRQHandler                   0x0800028b   Thumb Code     0  startup_stm32f411xe.o(.text)
    PVD_IRQHandler                           0x0800028b   Thumb Code     0  startup_stm32f411xe.o(.text)
    RCC_IRQHandler                           0x0800028b   Thumb Code     0  startup_stm32f411xe.o(.text)
    RTC_Alarm_IRQHandler                     0x0800028b   Thumb Code     0  startup_stm32f411xe.o(.text)
    RTC_WKUP_IRQHandler                      0x0800028b   Thumb Code     0  startup_stm32f411xe.o(.text)
    SDIO_IRQHandler                          0x0800028b   Thumb Code     0  startup_stm32f411xe.o(.text)
    SPI1_IRQHandler                          0x0800028b   Thumb Code     0  startup_stm32f411xe.o(.text)
    SPI2_IRQHandler                          0x0800028b   Thumb Code     0  startup_stm32f411xe.o(.text)
    SPI3_IRQHandler                          0x0800028b   Thumb Code     0  startup_stm32f411xe.o(.text)
    SPI4_IRQHandler                          0x0800028b   Thumb Code     0  startup_stm32f411xe.o(.text)
    SPI5_IRQHandler                          0x0800028b   Thumb Code     0  startup_stm32f411xe.o(.text)
    TAMP_STAMP_IRQHandler                    0x0800028b   Thumb Code     0  startup_stm32f411xe.o(.text)
    TIM1_BRK_TIM9_IRQHandler                 0x0800028b   Thumb Code     0  startup_stm32f411xe.o(.text)
    TIM1_CC_IRQHandler                       0x0800028b   Thumb Code     0  startup_stm32f411xe.o(.text)
    TIM1_TRG_COM_TIM11_IRQHandler            0x0800028b   Thumb Code     0  startup_stm32f411xe.o(.text)
    TIM2_IRQHandler                          0x0800028b   Thumb Code     0  startup_stm32f411xe.o(.text)
    TIM3_IRQHandler                          0x0800028b   Thumb Code     0  startup_stm32f411xe.o(.text)
    TIM4_IRQHandler                          0x0800028b   Thumb Code     0  startup_stm32f411xe.o(.text)
    TIM5_IRQHandler                          0x0800028b   Thumb Code     0  startup_stm32f411xe.o(.text)
    USART1_IRQHandler                        0x0800028b   Thumb Code     0  startup_stm32f411xe.o(.text)
    USART2_IRQHandler                        0x0800028b   Thumb Code     0  startup_stm32f411xe.o(.text)
    USART6_IRQHandler                        0x0800028b   Thumb Code     0  startup_stm32f411xe.o(.text)
    WWDG_IRQHandler                          0x0800028b   Thumb Code     0  startup_stm32f411xe.o(.text)
    __aeabi_uldivmod                         0x08000295   Thumb Code    98  uldiv.o(.text)
    __aeabi_memcpy                           0x080002f7   Thumb Code    36  memcpya.o(.text)
    __aeabi_memcpy4                          0x080002f7   Thumb Code     0  memcpya.o(.text)
    __aeabi_memcpy8                          0x080002f7   Thumb Code     0  memcpya.o(.text)
    __aeabi_memset                           0x0800031b   Thumb Code    14  memseta.o(.text)
    __aeabi_memset4                          0x0800031b   Thumb Code     0  memseta.o(.text)
    __aeabi_memset8                          0x0800031b   Thumb Code     0  memseta.o(.text)
    __aeabi_memclr                           0x08000329   Thumb Code     4  memseta.o(.text)
    __aeabi_memclr4                          0x08000329   Thumb Code     0  memseta.o(.text)
    __aeabi_memclr8                          0x08000329   Thumb Code     0  memseta.o(.text)
    memset                                   0x0800032d   Thumb Code    18  memseta.o(.text)
    strstr                                   0x0800033f   Thumb Code    36  strstr.o(.text)
    strlen                                   0x08000363   Thumb Code    14  strlen.o(.text)
    strncmp                                  0x08000371   Thumb Code    30  strncmp.o(.text)
    __aeabi_uidiv                            0x0800038f   Thumb Code     0  uidiv.o(.text)
    __aeabi_uidivmod                         0x0800038f   Thumb Code    44  uidiv.o(.text)
    __aeabi_llsl                             0x080003bb   Thumb Code    30  llshl.o(.text)
    _ll_shift_l                              0x080003bb   Thumb Code     0  llshl.o(.text)
    __aeabi_llsr                             0x080003d9   Thumb Code    32  llushr.o(.text)
    _ll_ushift_r                             0x080003d9   Thumb Code     0  llushr.o(.text)
    __I$use$fp                               0x080003f9   Thumb Code     0  iusefp.o(.text)
    __aeabi_dadd                             0x080003f9   Thumb Code   322  dadd.o(.text)
    __aeabi_dsub                             0x0800053b   Thumb Code     6  dadd.o(.text)
    __aeabi_drsub                            0x08000541   Thumb Code     6  dadd.o(.text)
    __aeabi_dmul                             0x08000547   Thumb Code   228  dmul.o(.text)
    __aeabi_ddiv                             0x0800062b   Thumb Code   222  ddiv.o(.text)
    __aeabi_d2ulz                            0x08000709   Thumb Code    48  dfixul.o(.text)
    __aeabi_cdrcmple                         0x08000739   Thumb Code    48  cdrcmple.o(.text)
    __scatterload                            0x08000769   Thumb Code    28  init.o(.text)
    __scatterload_rt2                        0x08000769   Thumb Code     0  init.o(.text)
    __aeabi_lasr                             0x0800078d   Thumb Code    36  llsshr.o(.text)
    _ll_sshift_r                             0x0800078d   Thumb Code     0  llsshr.o(.text)
    _double_round                            0x080007b1   Thumb Code    30  depilogue.o(.text)
    _double_epilogue                         0x080007cf   Thumb Code   156  depilogue.o(.text)
    ADC_IRQHandler                           0x08000911   Thumb Code    10  stm32f4xx_it.o(i.ADC_IRQHandler)
    AppTask_A                                0x08000a81   Thumb Code   136  freertos.o(i.AppTask_A)
    AppTask_B                                0x08000b6d   Thumb Code    80  freertos.o(i.AppTask_B)
    BusFault_Handler                         0x08000bf1   Thumb Code     4  stm32f4xx_it.o(i.BusFault_Handler)
    DMA2_Stream0_IRQHandler                  0x08000bf5   Thumb Code    10  stm32f4xx_it.o(i.DMA2_Stream0_IRQHandler)
    DebugMon_Handler                         0x08000d0f   Thumb Code     2  stm32f4xx_it.o(i.DebugMon_Handler)
    Error_Handler                            0x08000d11   Thumb Code     6  main.o(i.Error_Handler)
    HAL_ADCEx_InjectedConvCpltCallback       0x08000d17   Thumb Code     2  stm32f4xx_hal_adc_ex.o(i.HAL_ADCEx_InjectedConvCpltCallback)
    HAL_ADC_ConfigChannel                    0x08000d19   Thumb Code   400  stm32f4xx_hal_adc.o(i.HAL_ADC_ConfigChannel)
    HAL_ADC_ConvCpltCallback                 0x08000ebd   Thumb Code    76  freertos.o(i.HAL_ADC_ConvCpltCallback)
    HAL_ADC_ConvHalfCpltCallback             0x08000f15   Thumb Code     2  stm32f4xx_hal_adc.o(i.HAL_ADC_ConvHalfCpltCallback)
    HAL_ADC_ErrorCallback                    0x08000f17   Thumb Code     2  stm32f4xx_hal_adc.o(i.HAL_ADC_ErrorCallback)
    HAL_ADC_GetValue                         0x08000f19   Thumb Code     8  stm32f4xx_hal_adc.o(i.HAL_ADC_GetValue)
    HAL_ADC_IRQHandler                       0x08000f21   Thumb Code   354  stm32f4xx_hal_adc.o(i.HAL_ADC_IRQHandler)
    HAL_ADC_Init                             0x08001085   Thumb Code   100  stm32f4xx_hal_adc.o(i.HAL_ADC_Init)
    HAL_ADC_LevelOutOfWindowCallback         0x080010ed   Thumb Code     2  stm32f4xx_hal_adc.o(i.HAL_ADC_LevelOutOfWindowCallback)
    HAL_ADC_MspInit                          0x080010f1   Thumb Code   192  stm32f4xx_hal_msp.o(i.HAL_ADC_MspInit)
    HAL_ADC_Start_DMA                        0x080011c5   Thumb Code   348  stm32f4xx_hal_adc.o(i.HAL_ADC_Start_DMA)
    HAL_DMA_IRQHandler                       0x0800133d   Thumb Code   570  stm32f4xx_hal_dma.o(i.HAL_DMA_IRQHandler)
    HAL_DMA_Init                             0x0800157d   Thumb Code   232  stm32f4xx_hal_dma.o(i.HAL_DMA_Init)
    HAL_DMA_Start_IT                         0x08001669   Thumb Code   146  stm32f4xx_hal_dma.o(i.HAL_DMA_Start_IT)
    HAL_GPIO_Init                            0x080016fd   Thumb Code   424  stm32f4xx_hal_gpio.o(i.HAL_GPIO_Init)
    HAL_GetTick                              0x080018c5   Thumb Code     6  stm32f4xx_hal.o(i.HAL_GetTick)
    HAL_IncTick                              0x080018d1   Thumb Code    16  stm32f4xx_hal.o(i.HAL_IncTick)
    HAL_Init                                 0x080018e9   Thumb Code    54  stm32f4xx_hal.o(i.HAL_Init)
    HAL_InitTick                             0x08001925   Thumb Code   140  stm32f4xx_hal_timebase_tim.o(i.HAL_InitTick)
    HAL_MspInit                              0x080019c5   Thumb Code    78  stm32f4xx_hal_msp.o(i.HAL_MspInit)
    HAL_NVIC_EnableIRQ                       0x08001a19   Thumb Code    40  stm32f4xx_hal_cortex.o(i.HAL_NVIC_EnableIRQ)
    HAL_NVIC_SetPriority                     0x08001a41   Thumb Code   124  stm32f4xx_hal_cortex.o(i.HAL_NVIC_SetPriority)
    HAL_NVIC_SetPriorityGrouping             0x08001abd   Thumb Code    32  stm32f4xx_hal_cortex.o(i.HAL_NVIC_SetPriorityGrouping)
    HAL_RCC_ClockConfig                      0x08001ae5   Thumb Code   368  stm32f4xx_hal_rcc.o(i.HAL_RCC_ClockConfig)
    HAL_RCC_GetClockConfig                   0x08001c69   Thumb Code    58  stm32f4xx_hal_rcc.o(i.HAL_RCC_GetClockConfig)
    HAL_RCC_GetHCLKFreq                      0x08001cad   Thumb Code     6  stm32f4xx_hal_rcc.o(i.HAL_RCC_GetHCLKFreq)
    HAL_RCC_GetPCLK1Freq                     0x08001cb9   Thumb Code    22  stm32f4xx_hal_rcc.o(i.HAL_RCC_GetPCLK1Freq)
    HAL_RCC_GetPCLK2Freq                     0x08001cd9   Thumb Code    22  stm32f4xx_hal_rcc.o(i.HAL_RCC_GetPCLK2Freq)
    HAL_RCC_GetSysClockFreq                  0x08001cf9   Thumb Code   162  stm32f4xx_hal_rcc.o(i.HAL_RCC_GetSysClockFreq)
    HAL_RCC_OscConfig                        0x08001da9   Thumb Code  1172  stm32f4xx_hal_rcc.o(i.HAL_RCC_OscConfig)
    HAL_TIMEx_BreakCallback                  0x08002245   Thumb Code     2  stm32f4xx_hal_tim_ex.o(i.HAL_TIMEx_BreakCallback)
    HAL_TIMEx_CommutCallback                 0x08002247   Thumb Code     2  stm32f4xx_hal_tim_ex.o(i.HAL_TIMEx_CommutCallback)
    HAL_TIM_Base_Init                        0x08002249   Thumb Code   102  stm32f4xx_hal_tim.o(i.HAL_TIM_Base_Init)
    HAL_TIM_Base_MspInit                     0x080022af   Thumb Code     2  stm32f4xx_hal_tim.o(i.HAL_TIM_Base_MspInit)
    HAL_TIM_Base_Start_IT                    0x080022b1   Thumb Code   122  stm32f4xx_hal_tim.o(i.HAL_TIM_Base_Start_IT)
    HAL_TIM_IC_CaptureCallback               0x08002341   Thumb Code     2  stm32f4xx_hal_tim.o(i.HAL_TIM_IC_CaptureCallback)
    HAL_TIM_IRQHandler                       0x08002343   Thumb Code   364  stm32f4xx_hal_tim.o(i.HAL_TIM_IRQHandler)
    HAL_TIM_OC_DelayElapsedCallback          0x080024af   Thumb Code     2  stm32f4xx_hal_tim.o(i.HAL_TIM_OC_DelayElapsedCallback)
    HAL_TIM_PWM_PulseFinishedCallback        0x080024b1   Thumb Code     2  stm32f4xx_hal_tim.o(i.HAL_TIM_PWM_PulseFinishedCallback)
    HAL_TIM_PeriodElapsedCallback            0x080024b5   Thumb Code    18  main.o(i.HAL_TIM_PeriodElapsedCallback)
    HAL_TIM_TriggerCallback                  0x080024cd   Thumb Code     2  stm32f4xx_hal_tim.o(i.HAL_TIM_TriggerCallback)
    HAL_UART_Init                            0x080024cf   Thumb Code   118  stm32f4xx_hal_uart.o(i.HAL_UART_Init)
    HAL_UART_MspInit                         0x08002545   Thumb Code   124  stm32f4xx_hal_msp.o(i.HAL_UART_MspInit)
    HAL_UART_Transmit                        0x080025cd   Thumb Code   190  stm32f4xx_hal_uart.o(i.HAL_UART_Transmit)
    HardFault_Handler                        0x0800268b   Thumb Code     4  stm32f4xx_it.o(i.HardFault_Handler)
    MX_FREERTOS_Init                         0x0800273d   Thumb Code    32  freertos.o(i.MX_FREERTOS_Init)
    MemManage_Handler                        0x080027d5   Thumb Code     4  stm32f4xx_it.o(i.MemManage_Handler)
    NMI_Handler                              0x080027d9   Thumb Code     4  stm32f4xx_it.o(i.NMI_Handler)
    StartDefaultTask                         0x080027dd   Thumb Code    22  main.o(i.StartDefaultTask)
    SysTick_Handler                          0x080027fd   Thumb Code    22  cmsis_os2.o(i.SysTick_Handler)
    SystemClock_Config                       0x08002815   Thumb Code   172  main.o(i.SystemClock_Config)
    SystemInit                               0x080028c9   Thumb Code    14  system_stm32f4xx.o(i.SystemInit)
    TIM1_UP_TIM10_IRQHandler                 0x080028dd   Thumb Code    10  stm32f4xx_it.o(i.TIM1_UP_TIM10_IRQHandler)
    TIM_Base_SetConfig                       0x080028ed   Thumb Code   150  stm32f4xx_hal_tim.o(i.TIM_Base_SetConfig)
    UsageFault_Handler                       0x08002cc5   Thumb Code     4  stm32f4xx_it.o(i.UsageFault_Handler)
    __0printf                                0x08002cc9   Thumb Code    22  printfa.o(i.__0printf)
    __1printf                                0x08002cc9   Thumb Code     0  printfa.o(i.__0printf)
    __2printf                                0x08002cc9   Thumb Code     0  printfa.o(i.__0printf)
    __c89printf                              0x08002cc9   Thumb Code     0  printfa.o(i.__0printf)
    printf                                   0x08002cc9   Thumb Code     0  printfa.o(i.__0printf)
    __0snprintf                              0x08002ce9   Thumb Code    48  printfa.o(i.__0snprintf)
    __1snprintf                              0x08002ce9   Thumb Code     0  printfa.o(i.__0snprintf)
    __2snprintf                              0x08002ce9   Thumb Code     0  printfa.o(i.__0snprintf)
    __c89snprintf                            0x08002ce9   Thumb Code     0  printfa.o(i.__0snprintf)
    snprintf                                 0x08002ce9   Thumb Code     0  printfa.o(i.__0snprintf)
    __0vsnprintf                             0x08002d1d   Thumb Code    46  printfa.o(i.__0vsnprintf)
    __1vsnprintf                             0x08002d1d   Thumb Code     0  printfa.o(i.__0vsnprintf)
    __2vsnprintf                             0x08002d1d   Thumb Code     0  printfa.o(i.__0vsnprintf)
    __c89vsnprintf                           0x08002d1d   Thumb Code     0  printfa.o(i.__0vsnprintf)
    vsnprintf                                0x08002d1d   Thumb Code     0  printfa.o(i.__0vsnprintf)
    __scatterload_copy                       0x08002d8f   Thumb Code    14  handlers.o(i.__scatterload_copy)
    __scatterload_null                       0x08002d9d   Thumb Code     2  handlers.o(i.__scatterload_null)
    __scatterload_zeroinit                   0x08002d9f   Thumb Code    14  handlers.o(i.__scatterload_zeroinit)
    app_elog_init                            0x0800364d   Thumb Code    52  main.o(i.app_elog_init)
    elog_get_filter_tag_lvl                  0x08003681   Thumb Code   164  elog.o(i.elog_get_filter_tag_lvl)
    elog_init                                0x08003795   Thumb Code    76  elog.o(i.elog_init)
    elog_output                              0x080037e5   Thumb Code   866  elog.o(i.elog_output)
    elog_output_lock                         0x08003bf9   Thumb Code    34  elog.o(i.elog_output_lock)
    elog_output_lock_enabled                 0x08003c21   Thumb Code    60  elog.o(i.elog_output_lock_enabled)
    elog_output_unlock                       0x08003c61   Thumb Code    34  elog.o(i.elog_output_unlock)
    elog_port_get_p_info                     0x08003c89   Thumb Code     4  elog_port.o(i.elog_port_get_p_info)
    elog_port_get_t_info                     0x08003c91   Thumb Code     4  elog_port.o(i.elog_port_get_t_info)
    elog_port_get_time                       0x08003c99   Thumb Code    24  elog_port.o(i.elog_port_get_time)
    elog_port_init                           0x08003cbd   Thumb Code     4  elog_port.o(i.elog_port_init)
    elog_port_output                         0x08003cc1   Thumb Code    18  elog_port.o(i.elog_port_output)
    elog_port_output_lock                    0x08003cdd   Thumb Code     4  elog_port.o(i.elog_port_output_lock)
    elog_port_output_unlock                  0x08003ce1   Thumb Code     4  elog_port.o(i.elog_port_output_unlock)
    elog_set_filter_lvl                      0x08003ce5   Thumb Code    76  elog.o(i.elog_set_filter_lvl)
    elog_set_fmt                             0x08003de5   Thumb Code    80  elog.o(i.elog_set_fmt)
    elog_set_output_enabled                  0x08003ead   Thumb Code    82  elog.o(i.elog_set_output_enabled)
    elog_set_text_color_enabled              0x08003f85   Thumb Code    82  elog.o(i.elog_set_text_color_enabled)
    elog_start                               0x0800405d   Thumb Code    46  elog.o(i.elog_start)
    elog_strcpy                              0x080040f1   Thumb Code   164  elog_utils.o(i.elog_strcpy)
    fputc                                    0x080041f9   Thumb Code    22  main.o(i.fputc)
    main                                     0x08004321   Thumb Code   120  main.o(i.main)
    malloc                                   0x080043dd   Thumb Code    92  malloc.o(i.malloc)
    osDelay                                  0x08004449   Thumb Code    30  cmsis_os2.o(i.osDelay)
    osKernelInitialize                       0x08004469   Thumb Code    38  cmsis_os2.o(i.osKernelInitialize)
    osKernelStart                            0x08004495   Thumb Code    82  cmsis_os2.o(i.osKernelStart)
    osThreadNew                              0x080044f5   Thumb Code   184  cmsis_os2.o(i.osThreadNew)
    pvPortMalloc                             0x08004fd1   Thumb Code   306  heap_4.o(i.pvPortMalloc)
    pxPortInitialiseStack                    0x0800511d   Thumb Code    38  port.o(i.pxPortInitialiseStack)
    uxListRemove                             0x08005149   Thumb Code    40  list.o(i.uxListRemove)
    vApplicationGetIdleTaskMemory            0x08005171   Thumb Code    14  cmsis_os2.o(i.vApplicationGetIdleTaskMemory)
    vApplicationGetTimerTaskMemory           0x08005189   Thumb Code    16  cmsis_os2.o(i.vApplicationGetTimerTaskMemory)
    vListInitialise                          0x080051a1   Thumb Code    26  list.o(i.vListInitialise)
    vListInitialiseItem                      0x080051bb   Thumb Code     6  list.o(i.vListInitialiseItem)
    vListInsert                              0x080051c1   Thumb Code    52  list.o(i.vListInsert)
    vListInsertEnd                           0x080051f5   Thumb Code    24  list.o(i.vListInsertEnd)
    vPortEnterCritical                       0x0800520d   Thumb Code    76  port.o(i.vPortEnterCritical)
    vPortExitCritical                        0x08005261   Thumb Code    56  port.o(i.vPortExitCritical)
    vPortFree                                0x0800529d   Thumb Code   150  heap_4.o(i.vPortFree)
    vPortSetupTimerInterrupt                 0x08005341   Thumb Code    36  port.o(i.vPortSetupTimerInterrupt)
    vPortValidateInterruptPriority           0x08005369   Thumb Code   106  port.o(i.vPortValidateInterruptPriority)
    vQueueAddToRegistry                      0x080053e1   Thumb Code    38  queue.o(i.vQueueAddToRegistry)
    vQueueWaitForMessageRestricted           0x0800540d   Thumb Code    74  queue.o(i.vQueueWaitForMessageRestricted)
    vTaskDelay                               0x08005459   Thumb Code    82  tasks.o(i.vTaskDelay)
    vTaskInternalSetTimeOutState             0x080054b5   Thumb Code    14  tasks.o(i.vTaskInternalSetTimeOutState)
    vTaskMissedYield                         0x080054cd   Thumb Code     8  tasks.o(i.vTaskMissedYield)
    vTaskPlaceOnEventList                    0x080054d9   Thumb Code    52  tasks.o(i.vTaskPlaceOnEventList)
    vTaskPlaceOnEventListRestricted          0x08005511   Thumb Code    60  tasks.o(i.vTaskPlaceOnEventListRestricted)
    vTaskStartScheduler                      0x08005551   Thumb Code   156  tasks.o(i.vTaskStartScheduler)
    vTaskSuspendAll                          0x08005609   Thumb Code    12  tasks.o(i.vTaskSuspendAll)
    vTaskSwitchContext                       0x08005619   Thumb Code   122  tasks.o(i.vTaskSwitchContext)
    xPortStartScheduler                      0x080056a9   Thumb Code   330  port.o(i.xPortStartScheduler)
    xPortSysTickHandler                      0x08005811   Thumb Code    46  port.o(i.xPortSysTickHandler)
    xQueueGenericCreateStatic                0x08005845   Thumb Code   224  queue.o(i.xQueueGenericCreateStatic)
    xQueueGenericReset                       0x08005925   Thumb Code   146  queue.o(i.xQueueGenericReset)
    xQueueGenericSend                        0x080059bd   Thumb Code   420  queue.o(i.xQueueGenericSend)
    xQueueGenericSendFromISR                 0x08005b65   Thumb Code   252  queue.o(i.xQueueGenericSendFromISR)
    xQueueReceive                            0x08005c61   Thumb Code   356  queue.o(i.xQueueReceive)
    xTaskCheckForTimeOut                     0x08005dc9   Thumb Code   132  tasks.o(i.xTaskCheckForTimeOut)
    xTaskCreate                              0x08005e55   Thumb Code   100  tasks.o(i.xTaskCreate)
    xTaskCreateStatic                        0x08005eb9   Thumb Code   186  tasks.o(i.xTaskCreateStatic)
    xTaskGenericNotify                       0x08005f75   Thumb Code   278  tasks.o(i.xTaskGenericNotify)
    xTaskGenericNotifyFromISR                0x0800609d   Thumb Code   332  tasks.o(i.xTaskGenericNotifyFromISR)
    xTaskGetSchedulerState                   0x08006201   Thumb Code    24  tasks.o(i.xTaskGetSchedulerState)
    xTaskGetTickCount                        0x08006221   Thumb Code     6  tasks.o(i.xTaskGetTickCount)
    xTaskIncrementTick                       0x0800622d   Thumb Code   280  tasks.o(i.xTaskIncrementTick)
    xTaskNotifyWait                          0x08006371   Thumb Code   150  tasks.o(i.xTaskNotifyWait)
    xTaskPriorityDisinherit                  0x08006411   Thumb Code   152  tasks.o(i.xTaskPriorityDisinherit)
    xTaskRemoveFromEventList                 0x080064b5   Thumb Code   126  tasks.o(i.xTaskRemoveFromEventList)
    xTaskResumeAll                           0x0800654d   Thumb Code   222  tasks.o(i.xTaskResumeAll)
    xTimerCreateTimerTask                    0x08006651   Thumb Code   100  timers.o(i.xTimerCreateTimerTask)
    xTimerGenericCommand                     0x080066c9   Thumb Code   128  timers.o(i.xTimerGenericCommand)
    defaultTask_attributes                   0x0800674c   Data          36  main.o(.constdata)
    Task_Show_attributes                     0x08006778   Data          36  freertos.o(.constdata)
    Task_A_attributes                        0x0800679c   Data          36  freertos.o(.constdata)
    Task_B_attributes                        0x080067c0   Data          36  freertos.o(.constdata)
    AHBPrescTable                            0x08006800   Data          16  system_stm32f4xx.o(.constdata)
    APBPrescTable                            0x08006810   Data           8  system_stm32f4xx.o(.constdata)
    Region$$Table$$Base                      0x08006990   Number         0  anon$$obj.o(Region$$Table)
    Region$$Table$$Limit                     0x080069b0   Number         0  anon$$obj.o(Region$$Table)
    defaultTaskHandle                        0x20000000   Data           4  main.o(.data)
    buffer                                   0x20000004   Data           4  main.o(.data)
    buffer1                                  0x20000008   Data           4  main.o(.data)
    buffer2                                  0x2000000c   Data           4  main.o(.data)
    Task_ShowHandle                          0x20000010   Data           4  freertos.o(.data)
    Task_AHandle                             0x20000014   Data           4  freertos.o(.data)
    Task_BHandle                             0x20000018   Data           4  freertos.o(.data)
    cnt                                      0x2000001c   Data           1  freertos.o(.data)
    ADCtemp                                  0x20000020   Data           4  freertos.o(.data)
    uwTick                                   0x20000024   Data           4  stm32f4xx_hal.o(.data)
    uwTickPrio                               0x20000028   Data           4  stm32f4xx_hal.o(.data)
    uwTickFreq                               0x2000002c   Data           1  stm32f4xx_hal.o(.data)
    SystemCoreClock                          0x20000030   Data           4  system_stm32f4xx.o(.data)
    pxCurrentTCB                             0x20000034   Data           4  tasks.o(.data)
    elog_assert_hook                         0x200000e4   Data           4  elog.o(.data)
    __stdout                                 0x200000e8   Data           4  stdout.o(.data)
    __microlib_freelist                      0x200000ec   Data           4  mvars.o(.data)
    __microlib_freelist_initialised          0x200000f0   Data           4  mvars.o(.data)
    hadc1                                    0x200000f4   Data          72  main.o(.bss)
    hdma_adc1                                0x2000013c   Data          96  main.o(.bss)
    huart1                                   0x2000019c   Data          72  main.o(.bss)
    htim1                                    0x200001e4   Data          72  stm32f4xx_hal_timebase_tim.o(.bss)
    xQueueRegistry                           0x2000022c   Data          64  queue.o(.bss)
    timestamp_s                              0x20004b00   Data          10  elog_port.o(.bss)
    __heap_base                              0x20005008   Data           0  startup_stm32f411xe.o(HEAP)
    __heap_limit                             0x20005208   Data           0  startup_stm32f411xe.o(HEAP)
    __initial_sp                             0x20005608   Data           0  startup_stm32f411xe.o(STACK)



==============================================================================

Memory Map of the image

  Image Entry point : 0x08000199

  Load Region LR_IROM1 (Base: 0x08000000, Size: 0x00006aa4, Max: 0x00080000, ABSOLUTE)

    Execution Region ER_IROM1 (Exec base: 0x08000000, Load base: 0x08000000, Size: 0x000069b0, Max: 0x00080000, ABSOLUTE)

    Exec Addr    Load Addr    Size         Type   Attr      Idx    E Section Name        Object

    0x08000000   0x08000000   0x00000198   Data   RO            3    RESET               startup_stm32f411xe.o
    0x08000198   0x08000198   0x00000000   Code   RO         5547  * .ARM.Collect$$$$00000000  mc_w.l(entry.o)
    0x08000198   0x08000198   0x00000004   Code   RO         5859    .ARM.Collect$$$$00000001  mc_w.l(entry2.o)
    0x0800019c   0x0800019c   0x00000004   Code   RO         5862    .ARM.Collect$$$$00000004  mc_w.l(entry5.o)
    0x080001a0   0x080001a0   0x00000000   Code   RO         5864    .ARM.Collect$$$$00000008  mc_w.l(entry7b.o)
    0x080001a0   0x080001a0   0x00000000   Code   RO         5866    .ARM.Collect$$$$0000000A  mc_w.l(entry8b.o)
    0x080001a0   0x080001a0   0x00000008   Code   RO         5867    .ARM.Collect$$$$0000000B  mc_w.l(entry9a.o)
    0x080001a8   0x080001a8   0x00000004   Code   RO         5874    .ARM.Collect$$$$0000000E  mc_w.l(entry12b.o)
    0x080001ac   0x080001ac   0x00000000   Code   RO         5869    .ARM.Collect$$$$0000000F  mc_w.l(entry10a.o)
    0x080001ac   0x080001ac   0x00000000   Code   RO         5871    .ARM.Collect$$$$00000011  mc_w.l(entry11a.o)
    0x080001ac   0x080001ac   0x00000004   Code   RO         5860    .ARM.Collect$$$$00002712  mc_w.l(entry2.o)
    0x080001b0   0x080001b0   0x000000be   Code   RO         5174    .emb_text           port.o
    0x0800026e   0x0800026e   0x00000002   PAD
    0x08000270   0x08000270   0x00000024   Code   RO            4    .text               startup_stm32f411xe.o
    0x08000294   0x08000294   0x00000062   Code   RO         5550    .text               mc_w.l(uldiv.o)
    0x080002f6   0x080002f6   0x00000024   Code   RO         5552    .text               mc_w.l(memcpya.o)
    0x0800031a   0x0800031a   0x00000024   Code   RO         5556    .text               mc_w.l(memseta.o)
    0x0800033e   0x0800033e   0x00000024   Code   RO         5558    .text               mc_w.l(strstr.o)
    0x08000362   0x08000362   0x0000000e   Code   RO         5562    .text               mc_w.l(strlen.o)
    0x08000370   0x08000370   0x0000001e   Code   RO         5566    .text               mc_w.l(strncmp.o)
    0x0800038e   0x0800038e   0x0000002c   Code   RO         5876    .text               mc_w.l(uidiv.o)
    0x080003ba   0x080003ba   0x0000001e   Code   RO         5878    .text               mc_w.l(llshl.o)
    0x080003d8   0x080003d8   0x00000020   Code   RO         5880    .text               mc_w.l(llushr.o)
    0x080003f8   0x080003f8   0x00000000   Code   RO         5884    .text               mc_w.l(iusefp.o)
    0x080003f8   0x080003f8   0x0000014e   Code   RO         5885    .text               mf_w.l(dadd.o)
    0x08000546   0x08000546   0x000000e4   Code   RO         5887    .text               mf_w.l(dmul.o)
    0x0800062a   0x0800062a   0x000000de   Code   RO         5889    .text               mf_w.l(ddiv.o)
    0x08000708   0x08000708   0x00000030   Code   RO         5891    .text               mf_w.l(dfixul.o)
    0x08000738   0x08000738   0x00000030   Code   RO         5893    .text               mf_w.l(cdrcmple.o)
    0x08000768   0x08000768   0x00000024   Code   RO         5895    .text               mc_w.l(init.o)
    0x0800078c   0x0800078c   0x00000024   Code   RO         5897    .text               mc_w.l(llsshr.o)
    0x080007b0   0x080007b0   0x000000ba   Code   RO         5899    .text               mf_w.l(depilogue.o)
    0x0800086a   0x0800086a   0x0000007e   Code   RO         1469    i.ADC_DMAConvCplt   stm32f4xx_hal_adc.o
    0x080008e8   0x080008e8   0x0000001a   Code   RO         1470    i.ADC_DMAError      stm32f4xx_hal_adc.o
    0x08000902   0x08000902   0x0000000e   Code   RO         1471    i.ADC_DMAHalfConvCplt  stm32f4xx_hal_adc.o
    0x08000910   0x08000910   0x00000010   Code   RO          318    i.ADC_IRQHandler    stm32f4xx_it.o
    0x08000920   0x08000920   0x00000160   Code   RO         1472    i.ADC_Init          stm32f4xx_hal_adc.o
    0x08000a80   0x08000a80   0x000000ec   Code   RO          256    i.AppTask_A         freertos.o
    0x08000b6c   0x08000b6c   0x00000084   Code   RO          257    i.AppTask_B         freertos.o
    0x08000bf0   0x08000bf0   0x00000004   Code   RO          319    i.BusFault_Handler  stm32f4xx_it.o
    0x08000bf4   0x08000bf4   0x00000010   Code   RO          320    i.DMA2_Stream0_IRQHandler  stm32f4xx_it.o
    0x08000c04   0x08000c04   0x00000034   Code   RO         2315    i.DMA_CalcBaseAndBitshift  stm32f4xx_hal_dma.o
    0x08000c38   0x08000c38   0x000000aa   Code   RO         2316    i.DMA_CheckFifoParam  stm32f4xx_hal_dma.o
    0x08000ce2   0x08000ce2   0x0000002c   Code   RO         2317    i.DMA_SetConfig     stm32f4xx_hal_dma.o
    0x08000d0e   0x08000d0e   0x00000002   Code   RO          321    i.DebugMon_Handler  stm32f4xx_it.o
    0x08000d10   0x08000d10   0x00000006   Code   RO           13    i.Error_Handler     main.o
    0x08000d16   0x08000d16   0x00000002   Code   RO         1643    i.HAL_ADCEx_InjectedConvCpltCallback  stm32f4xx_hal_adc_ex.o
    0x08000d18   0x08000d18   0x000001a4   Code   RO         1474    i.HAL_ADC_ConfigChannel  stm32f4xx_hal_adc.o
    0x08000ebc   0x08000ebc   0x00000058   Code   RO          259    i.HAL_ADC_ConvCpltCallback  freertos.o
    0x08000f14   0x08000f14   0x00000002   Code   RO         1476    i.HAL_ADC_ConvHalfCpltCallback  stm32f4xx_hal_adc.o
    0x08000f16   0x08000f16   0x00000002   Code   RO         1478    i.HAL_ADC_ErrorCallback  stm32f4xx_hal_adc.o
    0x08000f18   0x08000f18   0x00000008   Code   RO         1481    i.HAL_ADC_GetValue  stm32f4xx_hal_adc.o
    0x08000f20   0x08000f20   0x00000162   Code   RO         1482    i.HAL_ADC_IRQHandler  stm32f4xx_hal_adc.o
    0x08001082   0x08001082   0x00000002   PAD
    0x08001084   0x08001084   0x00000068   Code   RO         1483    i.HAL_ADC_Init      stm32f4xx_hal_adc.o
    0x080010ec   0x080010ec   0x00000002   Code   RO         1484    i.HAL_ADC_LevelOutOfWindowCallback  stm32f4xx_hal_adc.o
    0x080010ee   0x080010ee   0x00000002   PAD
    0x080010f0   0x080010f0   0x000000d4   Code   RO          398    i.HAL_ADC_MspInit   stm32f4xx_hal_msp.o
    0x080011c4   0x080011c4   0x00000178   Code   RO         1490    i.HAL_ADC_Start_DMA  stm32f4xx_hal_adc.o
    0x0800133c   0x0800133c   0x00000240   Code   RO         2323    i.HAL_DMA_IRQHandler  stm32f4xx_hal_dma.o
    0x0800157c   0x0800157c   0x000000ec   Code   RO         2324    i.HAL_DMA_Init      stm32f4xx_hal_dma.o
    0x08001668   0x08001668   0x00000092   Code   RO         2328    i.HAL_DMA_Start_IT  stm32f4xx_hal_dma.o
    0x080016fa   0x080016fa   0x00000002   PAD
    0x080016fc   0x080016fc   0x000001c8   Code   RO         2211    i.HAL_GPIO_Init     stm32f4xx_hal_gpio.o
    0x080018c4   0x080018c4   0x0000000c   Code   RO         2790    i.HAL_GetTick       stm32f4xx_hal.o
    0x080018d0   0x080018d0   0x00000018   Code   RO         2796    i.HAL_IncTick       stm32f4xx_hal.o
    0x080018e8   0x080018e8   0x0000003c   Code   RO         2797    i.HAL_Init          stm32f4xx_hal.o
    0x08001924   0x08001924   0x000000a0   Code   RO          446    i.HAL_InitTick      stm32f4xx_hal_timebase_tim.o
    0x080019c4   0x080019c4   0x00000054   Code   RO          399    i.HAL_MspInit       stm32f4xx_hal_msp.o
    0x08001a18   0x08001a18   0x00000028   Code   RO         2627    i.HAL_NVIC_EnableIRQ  stm32f4xx_hal_cortex.o
    0x08001a40   0x08001a40   0x0000007c   Code   RO         2633    i.HAL_NVIC_SetPriority  stm32f4xx_hal_cortex.o
    0x08001abc   0x08001abc   0x00000028   Code   RO         2634    i.HAL_NVIC_SetPriorityGrouping  stm32f4xx_hal_cortex.o
    0x08001ae4   0x08001ae4   0x00000184   Code   RO         1748    i.HAL_RCC_ClockConfig  stm32f4xx_hal_rcc.o
    0x08001c68   0x08001c68   0x00000044   Code   RO         1752    i.HAL_RCC_GetClockConfig  stm32f4xx_hal_rcc.o
    0x08001cac   0x08001cac   0x0000000c   Code   RO         1753    i.HAL_RCC_GetHCLKFreq  stm32f4xx_hal_rcc.o
    0x08001cb8   0x08001cb8   0x00000020   Code   RO         1755    i.HAL_RCC_GetPCLK1Freq  stm32f4xx_hal_rcc.o
    0x08001cd8   0x08001cd8   0x00000020   Code   RO         1756    i.HAL_RCC_GetPCLK2Freq  stm32f4xx_hal_rcc.o
    0x08001cf8   0x08001cf8   0x000000b0   Code   RO         1757    i.HAL_RCC_GetSysClockFreq  stm32f4xx_hal_rcc.o
    0x08001da8   0x08001da8   0x0000049c   Code   RO         1760    i.HAL_RCC_OscConfig  stm32f4xx_hal_rcc.o
    0x08002244   0x08002244   0x00000002   Code   RO         1202    i.HAL_TIMEx_BreakCallback  stm32f4xx_hal_tim_ex.o
    0x08002246   0x08002246   0x00000002   Code   RO         1203    i.HAL_TIMEx_CommutCallback  stm32f4xx_hal_tim_ex.o
    0x08002248   0x08002248   0x00000066   Code   RO          487    i.HAL_TIM_Base_Init  stm32f4xx_hal_tim.o
    0x080022ae   0x080022ae   0x00000002   Code   RO          489    i.HAL_TIM_Base_MspInit  stm32f4xx_hal_tim.o
    0x080022b0   0x080022b0   0x00000090   Code   RO          492    i.HAL_TIM_Base_Start_IT  stm32f4xx_hal_tim.o
    0x08002340   0x08002340   0x00000002   Code   RO          521    i.HAL_TIM_IC_CaptureCallback  stm32f4xx_hal_tim.o
    0x08002342   0x08002342   0x0000016c   Code   RO          535    i.HAL_TIM_IRQHandler  stm32f4xx_hal_tim.o
    0x080024ae   0x080024ae   0x00000002   Code   RO          538    i.HAL_TIM_OC_DelayElapsedCallback  stm32f4xx_hal_tim.o
    0x080024b0   0x080024b0   0x00000002   Code   RO          565    i.HAL_TIM_PWM_PulseFinishedCallback  stm32f4xx_hal_tim.o
    0x080024b2   0x080024b2   0x00000002   PAD
    0x080024b4   0x080024b4   0x00000018   Code   RO           14    i.HAL_TIM_PeriodElapsedCallback  main.o
    0x080024cc   0x080024cc   0x00000002   Code   RO          578    i.HAL_TIM_TriggerCallback  stm32f4xx_hal_tim.o
    0x080024ce   0x080024ce   0x00000076   Code   RO         3065    i.HAL_UART_Init     stm32f4xx_hal_uart.o
    0x08002544   0x08002544   0x00000088   Code   RO          401    i.HAL_UART_MspInit  stm32f4xx_hal_msp.o
    0x080025cc   0x080025cc   0x000000be   Code   RO         3073    i.HAL_UART_Transmit  stm32f4xx_hal_uart.o
    0x0800268a   0x0800268a   0x00000004   Code   RO          322    i.HardFault_Handler  stm32f4xx_it.o
    0x0800268e   0x0800268e   0x00000002   PAD
    0x08002690   0x08002690   0x00000074   Code   RO           15    i.MX_ADC1_Init      main.o
    0x08002704   0x08002704   0x00000038   Code   RO           16    i.MX_DMA_Init       main.o
    0x0800273c   0x0800273c   0x00000038   Code   RO          260    i.MX_FREERTOS_Init  freertos.o
    0x08002774   0x08002774   0x00000028   Code   RO           17    i.MX_GPIO_Init      main.o
    0x0800279c   0x0800279c   0x00000038   Code   RO           18    i.MX_USART1_UART_Init  main.o
    0x080027d4   0x080027d4   0x00000004   Code   RO          323    i.MemManage_Handler  stm32f4xx_it.o
    0x080027d8   0x080027d8   0x00000004   Code   RO          324    i.NMI_Handler       stm32f4xx_it.o
    0x080027dc   0x080027dc   0x00000020   Code   RO           19    i.StartDefaultTask  main.o
    0x080027fc   0x080027fc   0x00000016   Code   RO         4589    i.SysTick_Handler   cmsis_os2.o
    0x08002812   0x08002812   0x00000002   PAD
    0x08002814   0x08002814   0x000000b4   Code   RO           20    i.SystemClock_Config  main.o
    0x080028c8   0x080028c8   0x00000014   Code   RO         3409    i.SystemInit        system_stm32f4xx.o
    0x080028dc   0x080028dc   0x00000010   Code   RO          325    i.TIM1_UP_TIM10_IRQHandler  stm32f4xx_it.o
    0x080028ec   0x080028ec   0x000000b4   Code   RO          580    i.TIM_Base_SetConfig  stm32f4xx_hal_tim.o
    0x080029a0   0x080029a0   0x0000006c   Code   RO         3088    i.UART_EndRxTransfer  stm32f4xx_hal_uart.o
    0x08002a0c   0x08002a0c   0x0000022c   Code   RO         3092    i.UART_SetConfig    stm32f4xx_hal_uart.o
    0x08002c38   0x08002c38   0x0000008c   Code   RO         3096    i.UART_WaitOnFlagUntilTimeout  stm32f4xx_hal_uart.o
    0x08002cc4   0x08002cc4   0x00000004   Code   RO          326    i.UsageFault_Handler  stm32f4xx_it.o
    0x08002cc8   0x08002cc8   0x00000020   Code   RO         5803    i.__0printf         mc_w.l(printfa.o)
    0x08002ce8   0x08002ce8   0x00000034   Code   RO         5804    i.__0snprintf       mc_w.l(printfa.o)
    0x08002d1c   0x08002d1c   0x00000034   Code   RO         5808    i.__0vsnprintf      mc_w.l(printfa.o)
    0x08002d50   0x08002d50   0x00000010   Code   RO         2640    i.__NVIC_GetPriorityGrouping  stm32f4xx_hal_cortex.o
    0x08002d60   0x08002d60   0x00000028   Code   RO         2641    i.__NVIC_SetPriority  stm32f4xx_hal_cortex.o
    0x08002d88   0x08002d88   0x00000006   Code   RO         4591    i.__get_IPSR        cmsis_os2.o
    0x08002d8e   0x08002d8e   0x0000000e   Code   RO         5903    i.__scatterload_copy  mc_w.l(handlers.o)
    0x08002d9c   0x08002d9c   0x00000002   Code   RO         5904    i.__scatterload_null  mc_w.l(handlers.o)
    0x08002d9e   0x08002d9e   0x0000000e   Code   RO         5905    i.__scatterload_zeroinit  mc_w.l(handlers.o)
    0x08002dac   0x08002dac   0x00000184   Code   RO         5810    i._fp_digits        mc_w.l(printfa.o)
    0x08002f30   0x08002f30   0x000006b4   Code   RO         5811    i._printf_core      mc_w.l(printfa.o)
    0x080035e4   0x080035e4   0x00000024   Code   RO         5812    i._printf_post_padding  mc_w.l(printfa.o)
    0x08003608   0x08003608   0x0000002e   Code   RO         5813    i._printf_pre_padding  mc_w.l(printfa.o)
    0x08003636   0x08003636   0x00000016   Code   RO         5814    i._snputc           mc_w.l(printfa.o)
    0x0800364c   0x0800364c   0x00000034   Code   RO           21    i.app_elog_init     main.o
    0x08003680   0x08003680   0x00000114   Code   RO         5325    i.elog_get_filter_tag_lvl  elog.o
    0x08003794   0x08003794   0x00000050   Code   RO         5329    i.elog_init         elog.o
    0x080037e4   0x080037e4   0x00000414   Code   RO         5330    i.elog_output       elog.o
    0x08003bf8   0x08003bf8   0x00000028   Code   RO         5331    i.elog_output_lock  elog.o
    0x08003c20   0x08003c20   0x00000040   Code   RO         5332    i.elog_output_lock_enabled  elog.o
    0x08003c60   0x08003c60   0x00000028   Code   RO         5333    i.elog_output_unlock  elog.o
    0x08003c88   0x08003c88   0x00000008   Code   RO         5255    i.elog_port_get_p_info  elog_port.o
    0x08003c90   0x08003c90   0x00000008   Code   RO         5256    i.elog_port_get_t_info  elog_port.o
    0x08003c98   0x08003c98   0x00000024   Code   RO         5257    i.elog_port_get_time  elog_port.o
    0x08003cbc   0x08003cbc   0x00000004   Code   RO         5258    i.elog_port_init    elog_port.o
    0x08003cc0   0x08003cc0   0x0000001c   Code   RO         5259    i.elog_port_output  elog_port.o
    0x08003cdc   0x08003cdc   0x00000004   Code   RO         5260    i.elog_port_output_lock  elog_port.o
    0x08003ce0   0x08003ce0   0x00000004   Code   RO         5261    i.elog_port_output_unlock  elog_port.o
    0x08003ce4   0x08003ce4   0x000000c4   Code   RO         5337    i.elog_set_filter_lvl  elog.o
    0x08003da8   0x08003da8   0x0000003c   Code   RO         5340    i.elog_set_filter_tag_lvl_default  elog.o
    0x08003de4   0x08003de4   0x000000c8   Code   RO         5341    i.elog_set_fmt      elog.o
    0x08003eac   0x08003eac   0x000000d8   Code   RO         5342    i.elog_set_output_enabled  elog.o
    0x08003f84   0x08003f84   0x000000d8   Code   RO         5343    i.elog_set_text_color_enabled  elog.o
    0x0800405c   0x0800405c   0x00000094   Code   RO         5344    i.elog_start        elog.o
    0x080040f0   0x080040f0   0x00000108   Code   RO         5524    i.elog_strcpy       elog_utils.o
    0x080041f8   0x080041f8   0x0000001c   Code   RO           22    i.fputc             main.o
    0x08004214   0x08004214   0x000000d4   Code   RO         5346    i.get_fmt_enabled   elog.o
    0x080042e8   0x080042e8   0x0000001c   Code   RO         5347    i.get_fmt_used_and_enabled_ptr  elog.o
    0x08004304   0x08004304   0x0000001c   Code   RO         5348    i.get_fmt_used_and_enabled_u32  elog.o
    0x08004320   0x08004320   0x000000bc   Code   RO           23    i.main              main.o
    0x080043dc   0x080043dc   0x0000006c   Code   RO         5832    i.malloc            mc_w.l(malloc.o)
    0x08004448   0x08004448   0x0000001e   Code   RO         4592    i.osDelay           cmsis_os2.o
    0x08004466   0x08004466   0x00000002   PAD
    0x08004468   0x08004468   0x0000002c   Code   RO         4606    i.osKernelInitialize  cmsis_os2.o
    0x08004494   0x08004494   0x00000060   Code   RO         4609    i.osKernelStart     cmsis_os2.o
    0x080044f4   0x080044f4   0x000000b8   Code   RO         4651    i.osThreadNew       cmsis_os2.o
    0x080045ac   0x080045ac   0x0000007c   Code   RO         4026    i.prvAddCurrentTaskToDelayedList  tasks.o
    0x08004628   0x08004628   0x000000b8   Code   RO         4027    i.prvAddNewTaskToReadyList  tasks.o
    0x080046e0   0x080046e0   0x00000074   Code   RO         4402    i.prvCheckForValidListAndQueue  timers.o
    0x08004754   0x08004754   0x00000048   Code   RO         4028    i.prvCheckTasksWaitingTermination  tasks.o
    0x0800479c   0x0800479c   0x0000002a   Code   RO         3613    i.prvCopyDataFromQueue  queue.o
    0x080047c6   0x080047c6   0x0000007e   Code   RO         3614    i.prvCopyDataToQueue  queue.o
    0x08004844   0x08004844   0x00000050   Code   RO         4029    i.prvDeleteTCB      tasks.o
    0x08004894   0x08004894   0x00000028   Code   RO         4403    i.prvGetNextExpireTime  timers.o
    0x080048bc   0x080048bc   0x0000007c   Code   RO         5119    i.prvHeapInit       heap_4.o
    0x08004938   0x08004938   0x00000028   Code   RO         4030    i.prvIdleTask       tasks.o
    0x08004960   0x08004960   0x0000002a   Code   RO         3617    i.prvInitialiseNewQueue  queue.o
    0x0800498a   0x0800498a   0x000000be   Code   RO         4031    i.prvInitialiseNewTask  tasks.o
    0x08004a48   0x08004a48   0x00000068   Code   RO         4032    i.prvInitialiseTaskLists  tasks.o
    0x08004ab0   0x08004ab0   0x00000068   Code   RO         5120    i.prvInsertBlockIntoFreeList  heap_4.o
    0x08004b18   0x08004b18   0x00000058   Code   RO         4405    i.prvInsertTimerInActiveList  timers.o
    0x08004b70   0x08004b70   0x0000001a   Code   RO         3618    i.prvIsQueueEmpty   queue.o
    0x08004b8a   0x08004b8a   0x0000001e   Code   RO         3619    i.prvIsQueueFull    queue.o
    0x08004ba8   0x08004ba8   0x00000074   Code   RO         4406    i.prvProcessExpiredTimer  timers.o
    0x08004c1c   0x08004c1c   0x00000164   Code   RO         4407    i.prvProcessReceivedCommands  timers.o
    0x08004d80   0x08004d80   0x00000074   Code   RO         4408    i.prvProcessTimerOrBlockTask  timers.o
    0x08004df4   0x08004df4   0x00000034   Code   RO         4034    i.prvResetNextTaskUnblockTime  tasks.o
    0x08004e28   0x08004e28   0x0000002c   Code   RO         4409    i.prvSampleTimeNow  timers.o
    0x08004e54   0x08004e54   0x000000a4   Code   RO         4410    i.prvSwitchTimerLists  timers.o
    0x08004ef8   0x08004ef8   0x00000040   Code   RO         5175    i.prvTaskExitError  port.o
    0x08004f38   0x08004f38   0x0000001a   Code   RO         4411    i.prvTimerTask      timers.o
    0x08004f52   0x08004f52   0x0000007e   Code   RO         3620    i.prvUnlockQueue    queue.o
    0x08004fd0   0x08004fd0   0x0000014c   Code   RO         5121    i.pvPortMalloc      heap_4.o
    0x0800511c   0x0800511c   0x0000002c   Code   RO         5176    i.pxPortInitialiseStack  port.o
    0x08005148   0x08005148   0x00000028   Code   RO         3573    i.uxListRemove      list.o
    0x08005170   0x08005170   0x00000018   Code   RO         4663    i.vApplicationGetIdleTaskMemory  cmsis_os2.o
    0x08005188   0x08005188   0x00000018   Code   RO         4664    i.vApplicationGetTimerTaskMemory  cmsis_os2.o
    0x080051a0   0x080051a0   0x0000001a   Code   RO         3574    i.vListInitialise   list.o
    0x080051ba   0x080051ba   0x00000006   Code   RO         3575    i.vListInitialiseItem  list.o
    0x080051c0   0x080051c0   0x00000034   Code   RO         3576    i.vListInsert       list.o
    0x080051f4   0x080051f4   0x00000018   Code   RO         3577    i.vListInsertEnd    list.o
    0x0800520c   0x0800520c   0x00000054   Code   RO         5178    i.vPortEnterCritical  port.o
    0x08005260   0x08005260   0x0000003c   Code   RO         5179    i.vPortExitCritical  port.o
    0x0800529c   0x0800529c   0x000000a4   Code   RO         5122    i.vPortFree         heap_4.o
    0x08005340   0x08005340   0x00000028   Code   RO         5180    i.vPortSetupTimerInterrupt  port.o
    0x08005368   0x08005368   0x00000078   Code   RO         5181    i.vPortValidateInterruptPriority  port.o
    0x080053e0   0x080053e0   0x0000002c   Code   RO         3626    i.vQueueAddToRegistry  queue.o
    0x0800540c   0x0800540c   0x0000004a   Code   RO         3630    i.vQueueWaitForMessageRestricted  queue.o
    0x08005456   0x08005456   0x00000002   PAD
    0x08005458   0x08005458   0x0000005c   Code   RO         4047    i.vTaskDelay        tasks.o
    0x080054b4   0x080054b4   0x00000018   Code   RO         4052    i.vTaskInternalSetTimeOutState  tasks.o
    0x080054cc   0x080054cc   0x0000000c   Code   RO         4053    i.vTaskMissedYield  tasks.o
    0x080054d8   0x080054d8   0x00000038   Code   RO         4055    i.vTaskPlaceOnEventList  tasks.o
    0x08005510   0x08005510   0x00000040   Code   RO         4056    i.vTaskPlaceOnEventListRestricted  tasks.o
    0x08005550   0x08005550   0x000000b8   Code   RO         4064    i.vTaskStartScheduler  tasks.o
    0x08005608   0x08005608   0x00000010   Code   RO         4066    i.vTaskSuspendAll   tasks.o
    0x08005618   0x08005618   0x00000090   Code   RO         4067    i.vTaskSwitchContext  tasks.o
    0x080056a8   0x080056a8   0x00000168   Code   RO         5182    i.xPortStartScheduler  port.o
    0x08005810   0x08005810   0x00000034   Code   RO         5183    i.xPortSysTickHandler  port.o
    0x08005844   0x08005844   0x000000e0   Code   RO         3636    i.xQueueGenericCreateStatic  queue.o
    0x08005924   0x08005924   0x00000098   Code   RO         3637    i.xQueueGenericReset  queue.o
    0x080059bc   0x080059bc   0x000001a8   Code   RO         3638    i.xQueueGenericSend  queue.o
    0x08005b64   0x08005b64   0x000000fc   Code   RO         3639    i.xQueueGenericSendFromISR  queue.o
    0x08005c60   0x08005c60   0x00000168   Code   RO         3648    i.xQueueReceive     queue.o
    0x08005dc8   0x08005dc8   0x0000008c   Code   RO         4069    i.xTaskCheckForTimeOut  tasks.o
    0x08005e54   0x08005e54   0x00000064   Code   RO         4070    i.xTaskCreate       tasks.o
    0x08005eb8   0x08005eb8   0x000000ba   Code   RO         4071    i.xTaskCreateStatic  tasks.o
    0x08005f72   0x08005f72   0x00000002   PAD
    0x08005f74   0x08005f74   0x00000128   Code   RO         4072    i.xTaskGenericNotify  tasks.o
    0x0800609c   0x0800609c   0x00000164   Code   RO         4073    i.xTaskGenericNotifyFromISR  tasks.o
    0x08006200   0x08006200   0x00000020   Code   RO         4075    i.xTaskGetSchedulerState  tasks.o
    0x08006220   0x08006220   0x0000000c   Code   RO         4076    i.xTaskGetTickCount  tasks.o
    0x0800622c   0x0800622c   0x00000144   Code   RO         4078    i.xTaskIncrementTick  tasks.o
    0x08006370   0x08006370   0x000000a0   Code   RO         4080    i.xTaskNotifyWait   tasks.o
    0x08006410   0x08006410   0x000000a4   Code   RO         4081    i.xTaskPriorityDisinherit  tasks.o
    0x080064b4   0x080064b4   0x00000098   Code   RO         4083    i.xTaskRemoveFromEventList  tasks.o
    0x0800654c   0x0800654c   0x00000104   Code   RO         4084    i.xTaskResumeAll    tasks.o
    0x08006650   0x08006650   0x00000078   Code   RO         4420    i.xTimerCreateTimerTask  timers.o
    0x080066c8   0x080066c8   0x00000084   Code   RO         4421    i.xTimerGenericCommand  timers.o
    0x0800674c   0x0800674c   0x00000029   Data   RO           25    .constdata          main.o
    0x08006775   0x08006775   0x00000003   PAD
    0x08006778   0x08006778   0x00000080   Data   RO          261    .constdata          freertos.o
    0x080067f8   0x080067f8   0x00000008   Data   RO         2330    .constdata          stm32f4xx_hal_dma.o
    0x08006800   0x08006800   0x00000018   Data   RO         3410    .constdata          system_stm32f4xx.o
    0x08006818   0x08006818   0x000000e2   Data   RO         5350    .constdata          elog.o
    0x080068fa   0x080068fa   0x00000023   Data   RO         5525    .constdata          elog_utils.o
    0x0800691d   0x0800691d   0x00000003   PAD
    0x08006920   0x08006920   0x0000000c   Data   RO           26    .conststring        main.o
    0x0800692c   0x0800692c   0x0000001a   Data   RO          262    .conststring        freertos.o
    0x08006946   0x08006946   0x00000002   PAD
    0x08006948   0x08006948   0x00000047   Data   RO         5351    .conststring        elog.o
    0x0800698f   0x0800698f   0x00000001   PAD
    0x08006990   0x08006990   0x00000020   Data   RO         5901    Region$$Table       anon$$obj.o


    Execution Region RW_IRAM1 (Exec base: 0x20000000, Load base: 0x080069b0, Size: 0x00005608, Max: 0x00020000, ABSOLUTE)

    Exec Addr    Load Addr    Size         Type   Attr      Idx    E Section Name        Object

    0x20000000   0x080069b0   0x00000010   Data   RW           27    .data               main.o
    0x20000010   0x080069c0   0x00000014   Data   RW          263    .data               freertos.o
    0x20000024   0x080069d4   0x00000009   Data   RW         2804    .data               stm32f4xx_hal.o
    0x2000002d   0x080069dd   0x00000003   PAD
    0x20000030   0x080069e0   0x00000004   Data   RW         3411    .data               system_stm32f4xx.o
    0x20000034   0x080069e4   0x0000003c   Data   RW         4087    .data               tasks.o
    0x20000070   0x08006a20   0x00000014   Data   RW         4429    .data               timers.o
    0x20000084   0x08006a34   0x00000004   Data   RW         4666    .data               cmsis_os2.o
    0x20000088   0x08006a38   0x00000020   Data   RW         5128    .data               heap_4.o
    0x200000a8   0x08006a58   0x0000000c   Data   RW         5184    .data               port.o
    0x200000b4   0x08006a64   0x00000034   Data   RW         5352    .data               elog.o
    0x200000e8   0x08006a98   0x00000004   Data   RW         5875    .data               mc_w.l(stdout.o)
    0x200000ec   0x08006a9c   0x00000004   Data   RW         5882    .data               mc_w.l(mvars.o)
    0x200000f0   0x08006aa0   0x00000004   Data   RW         5883    .data               mc_w.l(mvars.o)
    0x200000f4        -       0x000000f0   Zero   RW           24    .bss                main.o
    0x200001e4        -       0x00000048   Zero   RW          449    .bss                stm32f4xx_hal_timebase_tim.o
    0x2000022c        -       0x00000040   Zero   RW         3652    .bss                queue.o
    0x2000026c        -       0x000004c4   Zero   RW         4086    .bss                tasks.o
    0x20000730        -       0x00000118   Zero   RW         4428    .bss                timers.o
    0x20000848        -       0x000006b8   Zero   RW         4665    .bss                cmsis_os2.o
    0x20000f00        -       0x00003c00   Zero   RW         5127    .bss                heap_4.o
    0x20004b00        -       0x0000000a   Zero   RW         5262    .bss                elog_port.o
    0x20004b0a   0x08006aa4   0x00000002   PAD
    0x20004b0c        -       0x000004f8   Zero   RW         5349    .bss                elog.o
    0x20005004   0x08006aa4   0x00000004   PAD
    0x20005008        -       0x00000200   Zero   RW            2    HEAP                startup_stm32f411xe.o
    0x20005208        -       0x00000400   Zero   RW            1    STACK               startup_stm32f411xe.o


==============================================================================

Image component sizes


      Code (inc. data)   RO Data    RW Data    ZI Data      Debug   Object Name

       430         38          0          4       1720      65275   cmsis_os2.o
      2848       1048        297         52       1272      19464   elog.o
        92         30          0          0         10       4656   elog_port.o
       264        100         35          0          0       2305   elog_utils.o
         0          0          0          0          0      19516   event_groups.o
       512        188        154         20          0       3992   freertos.o
       724         74          0         32      15360       4947   heap_4.o
       148          0          0          0          0       3646   list.o
       778        130         53         16        240     463541   main.o
      1014         92          0         12          0      11853   port.o
      1922         20          0          0         64      17608   queue.o
        36          8        408          0       1536        848   startup_stm32f411xe.o
        96         20          0          9          0       8018   stm32f4xx_hal.o
      1786         60          0          0          0       9157   stm32f4xx_hal_adc.o
         2          0          0          0          0       1033   stm32f4xx_hal_adc_ex.o
       260         22          0          0          0      33638   stm32f4xx_hal_cortex.o
      1224         16          8          0          0       5643   stm32f4xx_hal_dma.o
       456         32          0          0          0       1460   stm32f4xx_hal_gpio.o
       432         38          0          0          0       2487   stm32f4xx_hal_msp.o
      1888         94          0          0          0       6369   stm32f4xx_hal_rcc.o
       800         52          0          0          0       6726   stm32f4xx_hal_tim.o
         4          0          0          0          0       1641   stm32f4xx_hal_tim_ex.o
       160         20          0          0         72       1475   stm32f4xx_hal_timebase_tim.o
      1112         10          0          0          0       4660   stm32f4xx_hal_uart.o
        70         18          0          0          0       4443   stm32f4xx_it.o
         0          0          0          0          0        384   stream_buffer.o
        20          6         24          4          0       1171   system_stm32f4xx.o
      3620        410          0         60       1220      31665   tasks.o
      1318        124          0         20        280      33115   timers.o

    ----------------------------------------------------------------------
     22036       2650       1020        232      21780     770736   Object Totals
         0          0         32          0          0          0   (incl. Generated)
        20          0          9          3          6          0   (incl. Padding)

    ----------------------------------------------------------------------

      Code (inc. data)   RO Data    RW Data    ZI Data      Debug   Library Member Name

         0          0          0          0          0          0   entry.o
         0          0          0          0          0          0   entry10a.o
         0          0          0          0          0          0   entry11a.o
         4          0          0          0          0          0   entry12b.o
         8          4          0          0          0          0   entry2.o
         4          0          0          0          0          0   entry5.o
         0          0          0          0          0          0   entry7b.o
         0          0          0          0          0          0   entry8b.o
         8          4          0          0          0          0   entry9a.o
        30          0          0          0          0          0   handlers.o
        36          8          0          0          0         68   init.o
         0          0          0          0          0          0   iusefp.o
        30          0          0          0          0         68   llshl.o
        36          0          0          0          0         68   llsshr.o
        32          0          0          0          0         68   llushr.o
       108         16          0          0          0         84   malloc.o
        36          0          0          0          0         68   memcpya.o
        36          0          0          0          0        108   memseta.o
         0          0          0          8          0          0   mvars.o
      2344        100          0          0          0        700   printfa.o
         0          0          0          4          0          0   stdout.o
        14          0          0          0          0         68   strlen.o
        30          0          0          0          0         80   strncmp.o
        36          0          0          0          0         80   strstr.o
        44          0          0          0          0         80   uidiv.o
        98          0          0          0          0         92   uldiv.o
        48          0          0          0          0         68   cdrcmple.o
       334          0          0          0          0        148   dadd.o
       222          0          0          0          0        100   ddiv.o
       186          0          0          0          0        176   depilogue.o
        48          0          0          0          0         68   dfixul.o
       228          0          0          0          0         96   dmul.o

    ----------------------------------------------------------------------
      4000        132          0         12          0       2288   Library Totals
         0          0          0          0          0          0   (incl. Padding)

    ----------------------------------------------------------------------

      Code (inc. data)   RO Data    RW Data    ZI Data      Debug   Library Name

      2934        132          0         12          0       1632   mc_w.l
      1066          0          0          0          0        656   mf_w.l

    ----------------------------------------------------------------------
      4000        132          0         12          0       2288   Library Totals

    ----------------------------------------------------------------------

==============================================================================


      Code (inc. data)   RO Data    RW Data    ZI Data      Debug   

     26036       2782       1020        244      21780     754532   Grand Totals
     26036       2782       1020        244      21780     754532   ELF Image Totals
     26036       2782       1020        244          0          0   ROM Totals

==============================================================================

    Total RO  Size (Code + RO Data)                27056 (  26.42kB)
    Total RW  Size (RW Data + ZI Data)             22024 (  21.51kB)
    Total ROM Size (Code + RO Data + RW Data)      27300 (  26.66kB)

==============================================================================

